Component: ARM Compiler 5.06 update 6 (build 750) Tool: armlink [4d35ed]

==============================================================================

Section Cross References

    mbed/TARGET_NUCLEO_F401RE/TOOLCHAIN_ARM_STD/analogin_api.o(i.analogin_read) refers to mbed/TARGET_NUCLEO_F401RE/TOOLCHAIN_ARM_STD/analogin_device.o(i.adc_read) for adc_read
    mbed/TARGET_NUCLEO_F401RE/TOOLCHAIN_ARM_STD/analogin_api.o(i.analogin_read_u16) refers to mbed/TARGET_NUCLEO_F401RE/TOOLCHAIN_ARM_STD/analogin_device.o(i.adc_read) for adc_read
    mbed/TARGET_NUCLEO_F401RE/TOOLCHAIN_ARM_STD/analogin_device.o(i.adc_read) refers to mbed/TARGET_NUCLEO_F401RE/TOOLCHAIN_ARM_STD/stm32f4xx_hal_adc.o(i.HAL_ADC_ConfigChannel) for HAL_ADC_ConfigChannel
    mbed/TARGET_NUCLEO_F401RE/TOOLCHAIN_ARM_STD/analogin_device.o(i.adc_read) refers to mbed/TARGET_NUCLEO_F401RE/TOOLCHAIN_ARM_STD/stm32f4xx_hal_adc.o(i.HAL_ADC_Start) for HAL_ADC_Start
    mbed/TARGET_NUCLEO_F401RE/TOOLCHAIN_ARM_STD/analogin_device.o(i.adc_read) refers to mbed/TARGET_NUCLEO_F401RE/TOOLCHAIN_ARM_STD/stm32f4xx_hal_adc.o(i.HAL_ADC_PollForConversion) for HAL_ADC_PollForConversion
    mbed/TARGET_NUCLEO_F401RE/TOOLCHAIN_ARM_STD/analogin_device.o(i.adc_read) refers to mbed/TARGET_NUCLEO_F401RE/TOOLCHAIN_ARM_STD/stm32f4xx_hal_adc.o(i.HAL_ADC_GetValue) for HAL_ADC_GetValue
    mbed/TARGET_NUCLEO_F401RE/TOOLCHAIN_ARM_STD/analogin_device.o(i.analogin_init) refers to mbed/TARGET_NUCLEO_F401RE/TOOLCHAIN_ARM_STD/mbed.ar(mbed_pinmap_common.o)(i.pinmap_peripheral) for pinmap_peripheral
    mbed/TARGET_NUCLEO_F401RE/TOOLCHAIN_ARM_STD/analogin_device.o(i.analogin_init) refers to mbed/TARGET_NUCLEO_F401RE/TOOLCHAIN_ARM_STD/mbed.ar(mbed_pinmap_common.o)(i.pinmap_function) for pinmap_function
    mbed/TARGET_NUCLEO_F401RE/TOOLCHAIN_ARM_STD/analogin_device.o(i.analogin_init) refers to mbed/TARGET_NUCLEO_F401RE/TOOLCHAIN_ARM_STD/mbed.ar(mbed_pinmap_common.o)(i.pinmap_pinout) for pinmap_pinout
    mbed/TARGET_NUCLEO_F401RE/TOOLCHAIN_ARM_STD/analogin_device.o(i.analogin_init) refers to mbed/TARGET_NUCLEO_F401RE/TOOLCHAIN_ARM_STD/mbed.ar(mbed_assert.o)(i.mbed_assert_internal) for mbed_assert_internal
    mbed/TARGET_NUCLEO_F401RE/TOOLCHAIN_ARM_STD/analogin_device.o(i.analogin_init) refers to mbed/TARGET_NUCLEO_F401RE/TOOLCHAIN_ARM_STD/stm32f4xx_hal_adc.o(i.HAL_ADC_Init) for HAL_ADC_Init
    mbed/TARGET_NUCLEO_F401RE/TOOLCHAIN_ARM_STD/analogin_device.o(i.analogin_init) refers to mbed/TARGET_NUCLEO_F401RE/TOOLCHAIN_ARM_STD/mbed.ar(mbed_error.o)(i.error) for error
    mbed/TARGET_NUCLEO_F401RE/TOOLCHAIN_ARM_STD/analogin_device.o(i.analogin_init) refers to mbed/TARGET_NUCLEO_F401RE/TOOLCHAIN_ARM_STD/PeripheralPins.o(.constdata) for PinMap_ADC
    mbed/TARGET_NUCLEO_F401RE/TOOLCHAIN_ARM_STD/analogin_device.o(i.analogin_init) refers to mbed/TARGET_NUCLEO_F401RE/TOOLCHAIN_ARM_STD/PeripheralPins.o(.constdata) for PinMap_ADC_Internal
    mbed/TARGET_NUCLEO_F401RE/TOOLCHAIN_ARM_STD/analogin_device.o(i.analogin_init) refers to mbed/TARGET_NUCLEO_F401RE/TOOLCHAIN_ARM_STD/analogin_device.o(.conststring) for .conststring
    mbed/TARGET_NUCLEO_F401RE/TOOLCHAIN_ARM_STD/flash_api.o(i.flash_erase_sector) refers to mbed/TARGET_NUCLEO_F401RE/TOOLCHAIN_ARM_STD/stm32f4xx_hal_flash.o(i.HAL_FLASH_Unlock) for HAL_FLASH_Unlock
    mbed/TARGET_NUCLEO_F401RE/TOOLCHAIN_ARM_STD/flash_api.o(i.flash_erase_sector) refers to mbed/TARGET_NUCLEO_F401RE/TOOLCHAIN_ARM_STD/stm32f4xx_hal_flash_ex.o(i.HAL_FLASHEx_Erase) for HAL_FLASHEx_Erase
    mbed/TARGET_NUCLEO_F401RE/TOOLCHAIN_ARM_STD/flash_api.o(i.flash_erase_sector) refers to mbed/TARGET_NUCLEO_F401RE/TOOLCHAIN_ARM_STD/stm32f4xx_hal_flash.o(i.HAL_FLASH_Lock) for HAL_FLASH_Lock
    mbed/TARGET_NUCLEO_F401RE/TOOLCHAIN_ARM_STD/flash_api.o(i.flash_erase_sector) refers to mbed/TARGET_NUCLEO_F401RE/TOOLCHAIN_ARM_STD/flash_api.o(.bss) for .bss
    mbed/TARGET_NUCLEO_F401RE/TOOLCHAIN_ARM_STD/flash_api.o(i.flash_program_page) refers to mbed/TARGET_NUCLEO_F401RE/TOOLCHAIN_ARM_STD/stm32f4xx_hal_flash.o(i.HAL_FLASH_Unlock) for HAL_FLASH_Unlock
    mbed/TARGET_NUCLEO_F401RE/TOOLCHAIN_ARM_STD/flash_api.o(i.flash_program_page) refers to mbed/TARGET_NUCLEO_F401RE/TOOLCHAIN_ARM_STD/stm32f4xx_hal_flash.o(i.HAL_FLASH_Program) for HAL_FLASH_Program
    mbed/TARGET_NUCLEO_F401RE/TOOLCHAIN_ARM_STD/flash_api.o(i.flash_program_page) refers to mbed/TARGET_NUCLEO_F401RE/TOOLCHAIN_ARM_STD/stm32f4xx_hal_flash.o(i.HAL_FLASH_Lock) for HAL_FLASH_Lock
    mbed/TARGET_NUCLEO_F401RE/TOOLCHAIN_ARM_STD/gpio_api.o(i.Set_GPIO_Clock) refers to mbed/TARGET_NUCLEO_F401RE/TOOLCHAIN_ARM_STD/mbed.ar(mbed_error.o)(i.error) for error
    mbed/TARGET_NUCLEO_F401RE/TOOLCHAIN_ARM_STD/gpio_api.o(i.gpio_init) refers to mbed/TARGET_NUCLEO_F401RE/TOOLCHAIN_ARM_STD/gpio_api.o(i.Set_GPIO_Clock) for Set_GPIO_Clock
    mbed/TARGET_NUCLEO_F401RE/TOOLCHAIN_ARM_STD/gpio_api.o(i.gpio_init) refers to mbed/TARGET_NUCLEO_F401RE/TOOLCHAIN_ARM_STD/pinmap.o(i.pin_function) for pin_function
[...]
    __btod_div_common                        0x0800218b   Thumb Code   696  C:\Keil_v5\ARM\ARMCC\Bin\..\lib\armlib\c_w.l(btod.o)(CL$$btod_div_common)
    _e2e                                     0x080024c3   Thumb Code   220  C:\Keil_v5\ARM\ARMCC\Bin\..\lib\armlib\c_w.l(btod.o)(CL$$btod_e2e)
    _btod_ediv                               0x0800259f   Thumb Code    42  C:\Keil_v5\ARM\ARMCC\Bin\..\lib\armlib\c_w.l(btod.o)(CL$$btod_ediv)
    _btod_emul                               0x080025c9   Thumb Code    42  C:\Keil_v5\ARM\ARMCC\Bin\..\lib\armlib\c_w.l(btod.o)(CL$$btod_emul)
    __btod_mult_common                       0x080025f3   Thumb Code   580  C:\Keil_v5\ARM\ARMCC\Bin\..\lib\armlib\c_w.l(btod.o)(CL$$btod_mult_common)
    main                                     0x08002837   Thumb Code    14  mbed/TARGET_NUCLEO_F401RE/TOOLCHAIN_ARM_STD/mbed_sdk_boot.o(i.$Sub$$main)
    HAL_GetTick                              0x08002845   Thumb Code     6  mbed/TARGET_NUCLEO_F401RE/TOOLCHAIN_ARM_STD/stm32f4xx_hal.o(i.HAL_GetTick)
    HAL_IncTick                              0x08002851   Thumb Code    12  mbed/TARGET_NUCLEO_F401RE/TOOLCHAIN_ARM_STD/stm32f4xx_hal.o(i.HAL_IncTick)
    HAL_Init                                 0x08002861   Thumb Code    48  mbed/TARGET_NUCLEO_F401RE/TOOLCHAIN_ARM_STD/stm32f4xx_hal.o(i.HAL_Init)
    HAL_InitTick                             0x08002895   Thumb Code   166  mbed/TARGET_NUCLEO_F401RE/TOOLCHAIN_ARM_STD/hal_tick_32b.o(i.HAL_InitTick)
    HAL_MspInit                              0x08002961   Thumb Code     2  mbed/TARGET_NUCLEO_F401RE/TOOLCHAIN_ARM_STD/stm32f4xx_hal.o(i.HAL_MspInit)
    HAL_NVIC_SetPriorityGrouping             0x08002965   Thumb Code    30  mbed/TARGET_NUCLEO_F401RE/TOOLCHAIN_ARM_STD/stm32f4xx_hal_cortex.o(i.HAL_NVIC_SetPriorityGrouping)
    HAL_RCC_ClockConfig                      0x08002989   Thumb Code   322  mbed/TARGET_NUCLEO_F401RE/TOOLCHAIN_ARM_STD/stm32f4xx_hal_rcc.o(i.HAL_RCC_ClockConfig)
    HAL_RCC_GetClockConfig                   0x08002ae1   Thumb Code    54  mbed/TARGET_NUCLEO_F401RE/TOOLCHAIN_ARM_STD/stm32f4xx_hal_rcc.o(i.HAL_RCC_GetClockConfig)
    HAL_RCC_GetPCLK1Freq                     0x08002b21   Thumb Code    20  mbed/TARGET_NUCLEO_F401RE/TOOLCHAIN_ARM_STD/stm32f4xx_hal_rcc.o(i.HAL_RCC_GetPCLK1Freq)
    HAL_RCC_GetPCLK2Freq                     0x08002b41   Thumb Code    20  mbed/TARGET_NUCLEO_F401RE/TOOLCHAIN_ARM_STD/stm32f4xx_hal_rcc.o(i.HAL_RCC_GetPCLK2Freq)
    HAL_RCC_GetSysClockFreq                  0x08002b61   Thumb Code    98  mbed/TARGET_NUCLEO_F401RE/TOOLCHAIN_ARM_STD/stm32f4xx_hal_rcc.o(i.HAL_RCC_GetSysClockFreq)
    HAL_RCC_OscConfig                        0x08002bd5   Thumb Code   888  mbed/TARGET_NUCLEO_F401RE/TOOLCHAIN_ARM_STD/stm32f4xx_hal_rcc.o(i.HAL_RCC_OscConfig)
    HAL_TIMEx_PWMN_Start                     0x08002f75   Thumb Code    44  mbed/TARGET_NUCLEO_F401RE/TOOLCHAIN_ARM_STD/stm32f4xx_hal_tim_ex.o(i.HAL_TIMEx_PWMN_Start)
    HAL_TIM_OC_Init                          0x08002fa1   Thumb Code    54  mbed/TARGET_NUCLEO_F401RE/TOOLCHAIN_ARM_STD/stm32f4xx_hal_tim.o(i.HAL_TIM_OC_Init)
    HAL_TIM_OC_MspInit                       0x08002fd7   Thumb Code     2  mbed/TARGET_NUCLEO_F401RE/TOOLCHAIN_ARM_STD/stm32f4xx_hal_tim.o(i.HAL_TIM_OC_MspInit)
    HAL_TIM_OC_Start                         0x08002fd9   Thumb Code    54  mbed/TARGET_NUCLEO_F401RE/TOOLCHAIN_ARM_STD/stm32f4xx_hal_tim.o(i.HAL_TIM_OC_Start)
    HAL_TIM_PWM_ConfigChannel                0x08003011   Thumb Code   526  mbed/TARGET_NUCLEO_F401RE/TOOLCHAIN_ARM_STD/stm32f4xx_hal_tim.o(i.HAL_TIM_PWM_ConfigChannel)
    HAL_TIM_PWM_Init                         0x08003225   Thumb Code    54  mbed/TARGET_NUCLEO_F401RE/TOOLCHAIN_ARM_STD/stm32f4xx_hal_tim.o(i.HAL_TIM_PWM_Init)
    HAL_TIM_PWM_MspInit                      0x0800325b   Thumb Code     2  mbed/TARGET_NUCLEO_F401RE/TOOLCHAIN_ARM_STD/stm32f4xx_hal_tim.o(i.HAL_TIM_PWM_MspInit)
    HAL_TIM_PWM_Start                        0x0800325d   Thumb Code    54  mbed/TARGET_NUCLEO_F401RE/TOOLCHAIN_ARM_STD/stm32f4xx_hal_tim.o(i.HAL_TIM_PWM_Start)
    HAL_UART_Init                            0x08003293   Thumb Code    98  mbed/TARGET_NUCLEO_F401RE/TOOLCHAIN_ARM_STD/stm32f4xx_hal_uart.o(i.HAL_UART_Init)
    HAL_UART_MspInit                         0x080032f5   Thumb Code     2  mbed/TARGET_NUCLEO_F401RE/TOOLCHAIN_ARM_STD/stm32f4xx_hal_uart.o(i.HAL_UART_MspInit)
    SetSysClock                              0x080032f9   Thumb Code   230  mbed/TARGET_NUCLEO_F401RE/TOOLCHAIN_ARM_STD/system_clock.o(i.SetSysClock)
    Set_GPIO_Clock                           0x080033e9   Thumb Code   142  mbed/TARGET_NUCLEO_F401RE/TOOLCHAIN_ARM_STD/gpio_api.o(i.Set_GPIO_Clock)
    SystemCoreClockUpdate                    0x080034b9   Thumb Code   112  mbed/TARGET_NUCLEO_F401RE/TOOLCHAIN_ARM_STD/system_stm32f4xx.o(i.SystemCoreClockUpdate)
    SystemInit                               0x0800353d   Thumb Code    64  mbed/TARGET_NUCLEO_F401RE/TOOLCHAIN_ARM_STD/system_clock.o(i.SystemInit)
    TIM_Base_SetConfig                       0x08003595   Thumb Code   132  mbed/TARGET_NUCLEO_F401RE/TOOLCHAIN_ARM_STD/stm32f4xx_hal_tim.o(i.TIM_Base_SetConfig)
    Avancer()                                0x0800396d   Thumb Code    74  .\build\main.o(i._Z7Avancerv)
    mbed::DigitalOut::DigitalOut(PinName)    0x080039c9   Thumb Code    26  .\build\main.o(i._ZN4mbed10DigitalOutC1E7PinName)
    mbed::DigitalOut::DigitalOut__sub_object(PinName) 0x080039c9   Thumb Code     0  .\build\main.o(i._ZN4mbed10DigitalOutC1E7PinName)
    mbed::DigitalOut::operator =(int)        0x080039e3   Thumb Code    30  .\build\main.o(i._ZN4mbed10DigitalOutaSEi)
    mbed::PwmOut::write(float)               0x08003a01   Thumb Code    52  .\build\main.o(i._ZN4mbed6PwmOut5writeEf)
    mbed::PwmOut::PwmOut(PinName)            0x08003a35   Thumb Code    30  .\build\main.o(i._ZN4mbed6PwmOutC1E7PinName)
    mbed::PwmOut::PwmOut__sub_object(PinName) 0x08003a35   Thumb Code     0  .\build\main.o(i._ZN4mbed6PwmOutC1E7PinName)
    mbed::PwmOut::~PwmOut()                  0x08003a53   Thumb Code    34  .\build\main.o(i._ZN4mbed6PwmOutD1Ev)
    mbed::PwmOut::~PwmOut__sub_object()      0x08003a53   Thumb Code     0  .\build\main.o(i._ZN4mbed6PwmOutD1Ev)
    mbed::FileBase::getPathType()            0x08003a75   Thumb Code     4  mbed/TARGET_NUCLEO_F401RE/TOOLCHAIN_ARM_STD/mbed.ar(FileBase.o)(i._ZN4mbed8FileBase11getPathTypeEv)
    mbed::FileBase::lookup(const char*, unsigned) 0x08003a79   Thumb Code    90  mbed/TARGET_NUCLEO_F401RE/TOOLCHAIN_ARM_STD/mbed.ar(FileBase.o)(i._ZN4mbed8FileBase6lookupEPKcj)
    mbed::FilePath::fileSystem()             0x08003ae5   Thumb Code    30  mbed/TARGET_NUCLEO_F401RE/TOOLCHAIN_ARM_STD/mbed.ar(FilePath.o)(i._ZN4mbed8FilePath10fileSystemEv)
    mbed::FilePath::file()                   0x08003b03   Thumb Code    28  mbed/TARGET_NUCLEO_F401RE/TOOLCHAIN_ARM_STD/mbed.ar(FilePath.o)(i._ZN4mbed8FilePath4fileEv)
    mbed::FilePath::exists()                 0x08003b1f   Thumb Code    10  mbed/TARGET_NUCLEO_F401RE/TOOLCHAIN_ARM_STD/mbed.ar(FilePath.o)(i._ZN4mbed8FilePath6existsEv)
    mbed::FilePath::isFile()                 0x08003b29   Thumb Code    24  mbed/TARGET_NUCLEO_F401RE/TOOLCHAIN_ARM_STD/mbed.ar(FilePath.o)(i._ZN4mbed8FilePath6isFileEv)
    mbed::FilePath::fileName()               0x08003b41   Thumb Code     4  mbed/TARGET_NUCLEO_F401RE/TOOLCHAIN_ARM_STD/mbed.ar(FilePath.o)(i._ZN4mbed8FilePath8fileNameEv)
    mbed::FilePath::FilePath(const char*)    0x08003b45   Thumb Code    74  mbed/TARGET_NUCLEO_F401RE/TOOLCHAIN_ARM_STD/mbed.ar(FilePath.o)(i._ZN4mbed8FilePathC1EPKc)
    mbed::FilePath::FilePath__sub_object(const char*) 0x08003b45   Thumb Code     0  mbed/TARGET_NUCLEO_F401RE/TOOLCHAIN_ARM_STD/mbed.ar(FilePath.o)(i._ZN4mbed8FilePathC1EPKc)
    __ARM_fpclassify                         0x08003ba5   Thumb Code    48  C:\Keil_v5\ARM\ARMCC\Bin\..\lib\armlib\m_wm.l(fpclassify.o)(i.__ARM_fpclassify)
    __aeabi_atexit                           0x08003bd5   Thumb Code     4  mbed/TARGET_NUCLEO_F401RE/TOOLCHAIN_ARM_STD/mbed_retarget.o(i.__aeabi_atexit)
    __user_setup_stackheap                   0x08003c35   Thumb Code     8  mbed/TARGET_NUCLEO_F401RE/TOOLCHAIN_ARM_STD/mbed_retarget.o(i.__user_setup_stackheap)
    _is_digit                                0x08003c3d   Thumb Code    14  C:\Keil_v5\ARM\ARMCC\Bin\..\lib\armlib\c_w.l(__printf_wp.o)(i._is_digit)
    _mbed_user_setup_stackheap               0x08003c4d   Thumb Code    10  mbed/TARGET_NUCLEO_F401RE/TOOLCHAIN_ARM_STD/mbed_retarget.o(i._mbed_user_setup_stackheap)
    _platform_post_stackheap_init            0x08003c5d   Thumb Code    26  mbed/TARGET_NUCLEO_F401RE/TOOLCHAIN_ARM_STD/mbed_sdk_boot.o(i._platform_post_stackheap_init)
    _sys_close                               0x08003c7d   Thumb Code    70  mbed/TARGET_NUCLEO_F401RE/TOOLCHAIN_ARM_STD/mbed_retarget.o(i._sys_close)
    _sys_flen                                0x08003cc9   Thumb Code    70  mbed/TARGET_NUCLEO_F401RE/TOOLCHAIN_ARM_STD/mbed_retarget.o(i._sys_flen)
    _sys_istty                               0x08003d15   Thumb Code    58  mbed/TARGET_NUCLEO_F401RE/TOOLCHAIN_ARM_STD/mbed_retarget.o(i._sys_istty)
    _sys_open                                0x08003d55   Thumb Code   476  mbed/TARGET_NUCLEO_F401RE/TOOLCHAIN_ARM_STD/mbed_retarget.o(i._sys_open)
    _sys_seek                                0x08003f55   Thumb Code    74  mbed/TARGET_NUCLEO_F401RE/TOOLCHAIN_ARM_STD/mbed_retarget.o(i._sys_seek)
    _sys_write                               0x08003fa5   Thumb Code   110  mbed/TARGET_NUCLEO_F401RE/TOOLCHAIN_ARM_STD/mbed_retarget.o(i._sys_write)
    core_util_atomic_decr_u16                0x08004021   Thumb Code    26  mbed/TARGET_NUCLEO_F401RE/TOOLCHAIN_ARM_STD/mbed.ar(mbed_critical.o)(i.core_util_atomic_decr_u16)
    core_util_atomic_incr_u16                0x0800403b   Thumb Code    26  mbed/TARGET_NUCLEO_F401RE/TOOLCHAIN_ARM_STD/mbed.ar(mbed_critical.o)(i.core_util_atomic_incr_u16)
    core_util_critical_section_enter         0x08004055   Thumb Code    70  mbed/TARGET_NUCLEO_F401RE/TOOLCHAIN_ARM_STD/mbed.ar(mbed_critical.o)(i.core_util_critical_section_enter)
    core_util_critical_section_exit          0x080040e1   Thumb Code    60  mbed/TARGET_NUCLEO_F401RE/TOOLCHAIN_ARM_STD/mbed.ar(mbed_critical.o)(i.core_util_critical_section_exit)
    error                                    0x08004151   Thumb Code    36  mbed/TARGET_NUCLEO_F401RE/TOOLCHAIN_ARM_STD/mbed.ar(mbed_error.o)(i.error)
    exit                                     0x08004179   Thumb Code    24  mbed/TARGET_NUCLEO_F401RE/TOOLCHAIN_ARM_STD/mbed_retarget.o(i.exit)
    fputc                                    0x08004199   Thumb Code    26  C:\Keil_v5\ARM\ARMCC\Bin\..\lib\armlib\c_w.l(fputc.o)(i.fputc)
    get_us_ticker_data                       0x080041b5   Thumb Code     4  mbed/TARGET_NUCLEO_F401RE/TOOLCHAIN_ARM_STD/mbed.ar(mbed_us_ticker_api.o)(i.get_us_ticker_data)
    gpio_dir                                 0x080041bd   Thumb Code    98  mbed/TARGET_NUCLEO_F401RE/TOOLCHAIN_ARM_STD/gpio_api.o(i.gpio_dir)
    gpio_init                                0x08004221   Thumb Code    76  mbed/TARGET_NUCLEO_F401RE/TOOLCHAIN_ARM_STD/gpio_api.o(i.gpio_init)
    gpio_init_out                            0x08004271   Thumb Code    48  mbed/TARGET_NUCLEO_F401RE/TOOLCHAIN_ARM_STD/mbed.ar(mbed_gpio.o)(i.gpio_init_out)
    gpio_mode                                0x080042a1   Thumb Code     8  mbed/TARGET_NUCLEO_F401RE/TOOLCHAIN_ARM_STD/gpio_api.o(i.gpio_mode)
    init_uart                                0x080042a9   Thumb Code    82  mbed/TARGET_NUCLEO_F401RE/TOOLCHAIN_ARM_STD/serial_api.o(i.init_uart)
    $Super$$main                             0x080043d5   Thumb Code    24  .\build\main.o(i.main)
    mbed_assert_internal                     0x080043f1   Thumb Code    32  mbed/TARGET_NUCLEO_F401RE/TOOLCHAIN_ARM_STD/mbed.ar(mbed_assert.o)(i.mbed_assert_internal)
    mbed_die                                 0x08004445   Thumb Code    88  mbed/TARGET_NUCLEO_F401RE/TOOLCHAIN_ARM_STD/mbed_board.o(i.mbed_die)
    mbed_error_printf                        0x0800449d   Thumb Code    76  mbed/TARGET_NUCLEO_F401RE/TOOLCHAIN_ARM_STD/mbed_board.o(i.mbed_error_printf)
    mbed_error_vfprintf                      0x080044f1   Thumb Code    70  mbed/TARGET_NUCLEO_F401RE/TOOLCHAIN_ARM_STD/mbed_board.o(i.mbed_error_vfprintf)
    mbed_main                                0x08004541   Thumb Code     2  mbed/TARGET_NUCLEO_F401RE/TOOLCHAIN_ARM_STD/mbed_sdk_boot.o(i.mbed_main)
    mbed_sdk_init                            0x08004543   Thumb Code    22  mbed/TARGET_NUCLEO_F401RE/TOOLCHAIN_ARM_STD/mbed_overrides.o(i.mbed_sdk_init)
    pin_function                             0x08004559   Thumb Code   430  mbed/TARGET_NUCLEO_F401RE/TOOLCHAIN_ARM_STD/pinmap.o(i.pin_function)
    pin_mode                                 0x08004729   Thumb Code   232  mbed/TARGET_NUCLEO_F401RE/TOOLCHAIN_ARM_STD/pinmap.o(i.pin_mode)
    pinmap_function                          0x0800482d   Thumb Code    62  mbed/TARGET_NUCLEO_F401RE/TOOLCHAIN_ARM_STD/mbed.ar(mbed_pinmap_common.o)(i.pinmap_function)
    pinmap_merge                             0x0800488d   Thumb Code    38  mbed/TARGET_NUCLEO_F401RE/TOOLCHAIN_ARM_STD/mbed.ar(mbed_pinmap_common.o)(i.pinmap_merge)
    pinmap_peripheral                        0x080048c9   Thumb Code    62  mbed/TARGET_NUCLEO_F401RE/TOOLCHAIN_ARM_STD/mbed.ar(mbed_pinmap_common.o)(i.pinmap_peripheral)
    pinmap_pinout                            0x08004929   Thumb Code    72  mbed/TARGET_NUCLEO_F401RE/TOOLCHAIN_ARM_STD/mbed.ar(mbed_pinmap_common.o)(i.pinmap_pinout)
    pwmout_init                              0x08004985   Thumb Code   328  mbed/TARGET_NUCLEO_F401RE/TOOLCHAIN_ARM_STD/pwmout_api.o(i.pwmout_init)
    pwmout_period                            0x08004b11   Thumb Code    20  mbed/TARGET_NUCLEO_F401RE/TOOLCHAIN_ARM_STD/pwmout_api.o(i.pwmout_period)
    pwmout_period_us                         0x08004b29   Thumb Code   340  mbed/TARGET_NUCLEO_F401RE/TOOLCHAIN_ARM_STD/pwmout_api.o(i.pwmout_period_us)
    pwmout_write                             0x08004cbd   Thumb Code   170  mbed/TARGET_NUCLEO_F401RE/TOOLCHAIN_ARM_STD/pwmout_api.o(i.pwmout_write)
    serial_baud                              0x08004e75   Thumb Code    28  mbed/TARGET_NUCLEO_F401RE/TOOLCHAIN_ARM_STD/serial_api.o(i.serial_baud)
    serial_init                              0x08004ebd   Thumb Code   370  mbed/TARGET_NUCLEO_F401RE/TOOLCHAIN_ARM_STD/serial_api.o(i.serial_init)
    serial_putc                              0x080050c9   Thumb Code    34  mbed/TARGET_NUCLEO_F401RE/TOOLCHAIN_ARM_STD/serial_device.o(i.serial_putc)
    serial_writable                          0x080050f1   Thumb Code    18  mbed/TARGET_NUCLEO_F401RE/TOOLCHAIN_ARM_STD/serial_api.o(i.serial_writable)
    sleep_manager_lock_deep_sleep            0x08005109   Thumb Code    44  mbed/TARGET_NUCLEO_F401RE/TOOLCHAIN_ARM_STD/mbed.ar(mbed_sleep_manager.o)(i.sleep_manager_lock_deep_sleep)
    sleep_manager_unlock_deep_sleep          0x08005169   Thumb Code    38  mbed/TARGET_NUCLEO_F401RE/TOOLCHAIN_ARM_STD/mbed.ar(mbed_sleep_manager.o)(i.sleep_manager_unlock_deep_sleep)
    ticker_irq_handler                       0x080051bd   Thumb Code    78  mbed/TARGET_NUCLEO_F401RE/TOOLCHAIN_ARM_STD/mbed.ar(mbed_ticker_api.o)(i.ticker_irq_handler)
    ticker_read                              0x0800520b   Thumb Code    28  mbed/TARGET_NUCLEO_F401RE/TOOLCHAIN_ARM_STD/mbed.ar(mbed_ticker_api.o)(i.ticker_read)
    timer_irq_handler                        0x08005229   Thumb Code    90  mbed/TARGET_NUCLEO_F401RE/TOOLCHAIN_ARM_STD/hal_tick_32b.o(i.timer_irq_handler)
    us_ticker_clear_interrupt                0x08005391   Thumb Code    12  mbed/TARGET_NUCLEO_F401RE/TOOLCHAIN_ARM_STD/us_ticker_32b.o(i.us_ticker_clear_interrupt)
    us_ticker_disable_interrupt              0x080053a1   Thumb Code    14  mbed/TARGET_NUCLEO_F401RE/TOOLCHAIN_ARM_STD/us_ticker_32b.o(i.us_ticker_disable_interrupt)
    us_ticker_fire_interrupt                 0x080053b5   Thumb Code    14  mbed/TARGET_NUCLEO_F401RE/TOOLCHAIN_ARM_STD/us_ticker_32b.o(i.us_ticker_fire_interrupt)
    us_ticker_get_info                       0x080053c9   Thumb Code     4  mbed/TARGET_NUCLEO_F401RE/TOOLCHAIN_ARM_STD/mbed_retarget.o(i.us_ticker_get_info)
    us_ticker_init                           0x080053d1   Thumb Code     2  mbed/TARGET_NUCLEO_F401RE/TOOLCHAIN_ARM_STD/us_ticker_32b.o(i.us_ticker_init)
    us_ticker_irq_handler                    0x080053d5   Thumb Code    14  mbed/TARGET_NUCLEO_F401RE/TOOLCHAIN_ARM_STD/mbed.ar(mbed_us_ticker_api.o)(i.us_ticker_irq_handler)
    us_ticker_read                           0x080053ed   Thumb Code     6  mbed/TARGET_NUCLEO_F401RE/TOOLCHAIN_ARM_STD/us_ticker_32b.o(i.us_ticker_read)
    us_ticker_set_interrupt                  0x080053f9   Thumb Code    28  mbed/TARGET_NUCLEO_F401RE/TOOLCHAIN_ARM_STD/us_ticker_32b.o(i.us_ticker_set_interrupt)
    wait                                     0x08005419   Thumb Code    44  mbed/TARGET_NUCLEO_F401RE/TOOLCHAIN_ARM_STD/mbed.ar(mbed_wait_api_no_rtos.o)(i.wait)
    wait_ms                                  0x08005449   Thumb Code    36  mbed/TARGET_NUCLEO_F401RE/TOOLCHAIN_ARM_STD/mbed.ar(mbed_wait_api_no_rtos.o)(i.wait_ms)
    _get_lc_numeric                          0x0800546d   Thumb Code    44  C:\Keil_v5\ARM\ARMCC\Bin\..\lib\armlib\c_w.l(lc_numeric_c.o)(locale$$code)
    _get_lc_ctype                            0x08005499   Thumb Code    44  C:\Keil_v5\ARM\ARMCC\Bin\..\lib\armlib\c_w.l(lc_ctype_c.o)(locale$$code)
    SingletonPtr<PlatformMutex>::operator ->() 0x080054c5   Thumb Code    36  mbed/TARGET_NUCLEO_F401RE/TOOLCHAIN_ARM_STD/mbed.ar(FileBase.o)(t._ZN12SingletonPtrI13PlatformMutexEptEv)
    _fp_init                                 0x080054f1   Thumb Code    10  C:\Keil_v5\ARM\ARMCC\Bin\..\lib\armlib\fz_wm.l(fpinit.o)(x$fpl$fpinit)
    __fplib_config_fpu_vfp                   0x080054f9   Thumb Code     0  C:\Keil_v5\ARM\ARMCC\Bin\..\lib\armlib\fz_wm.l(fpinit.o)(x$fpl$fpinit)
    __fplib_config_pureend_doubles           0x080054f9   Thumb Code     0  C:\Keil_v5\ARM\ARMCC\Bin\..\lib\armlib\fz_wm.l(fpinit.o)(x$fpl$fpinit)
    _printf_fp_dec                           0x080054fb   Thumb Code     4  C:\Keil_v5\ARM\ARMCC\Bin\..\lib\armlib\fz_wm.l(printf1.o)(x$fpl$printf1)
    _printf_fp_hex                           0x080054ff   Thumb Code     4  C:\Keil_v5\ARM\ARMCC\Bin\..\lib\armlib\fz_wm.l(printf2.o)(x$fpl$printf2)
    __I$use$fp                               0x08005502   Number         0  C:\Keil_v5\ARM\ARMCC\Bin\..\lib\armlib\fz_wm.l(usenofp.o)(x$fpl$usenofp)
    __stdin_name                             0x08005504   Data           7  mbed/TARGET_NUCLEO_F401RE/TOOLCHAIN_ARM_STD/mbed_retarget.o(.constdata)
    __stdout_name                            0x0800550b   Data           8  mbed/TARGET_NUCLEO_F401RE/TOOLCHAIN_ARM_STD/mbed_retarget.o(.constdata)
    __stderr_name                            0x08005513   Data           8  mbed/TARGET_NUCLEO_F401RE/TOOLCHAIN_ARM_STD/mbed_retarget.o(.constdata)
    PinMap_PWM                               0x0800552c   Data         396  mbed/TARGET_NUCLEO_F401RE/TOOLCHAIN_ARM_STD/PeripheralPins.o(.constdata)
    PinMap_UART_TX                           0x080056b8   Data          72  mbed/TARGET_NUCLEO_F401RE/TOOLCHAIN_ARM_STD/PeripheralPins.o(.constdata)
    PinMap_UART_RX                           0x08005700   Data          72  mbed/TARGET_NUCLEO_F401RE/TOOLCHAIN_ARM_STD/PeripheralPins.o(.constdata)
    ll_pin_defines                           0x08005748   Data          64  mbed/TARGET_NUCLEO_F401RE/TOOLCHAIN_ARM_STD/pinmap.o(.constdata)
    pwm_apb_map_table                        0x08005788   Data          72  mbed/TARGET_NUCLEO_F401RE/TOOLCHAIN_ARM_STD/pwmout_device.o(.constdata)
    AHBPrescTable                            0x080057d0   Data          16  mbed/TARGET_NUCLEO_F401RE/TOOLCHAIN_ARM_STD/system_stm32f4xx.o(.constdata)
    APBPrescTable                            0x080057e0   Data           8  mbed/TARGET_NUCLEO_F401RE/TOOLCHAIN_ARM_STD/system_stm32f4xx.o(.constdata)
    SingletonPtr<PlatformMutex>::get()::string 0x08005908   Data          20  mbed/TARGET_NUCLEO_F401RE/TOOLCHAIN_ARM_STD/mbed_retarget.o(.constdata__ZZN12SingletonPtrI13PlatformMutexE3getEvEs)
    SingletonPtr<PlatformMutex>::get()::string (instance 2) 0x0800591c   Data          93  mbed/TARGET_NUCLEO_F401RE/TOOLCHAIN_ARM_STD/mbed_retarget.o(.constdata__ZZN12SingletonPtrI13PlatformMutexE3getEvEs_0)
    Region$$Table$$Base                      0x08005b80   Number         0  anon$$obj.o(Region$$Table)
    Region$$Table$$Limit                     0x08005ba0   Number         0  anon$$obj.o(Region$$Table)
    __ctype                                  0x08005bc9   Data           0  C:\Keil_v5\ARM\ARMCC\Bin\..\lib\armlib\c_w.l(lc_ctype_c.o)(locale$$data)
    SHT$$INIT_ARRAY$$Base                    0x08005ccc   Number         0  .\build\main.o(.init_array)
    SHT$$INIT_ARRAY$$Limit                   0x08005cd0   Number         0  C:\Keil_v5\ARM\ARMCC\Bin\..\lib\armlib\c_w.l(init_aeabi.o)(.init_array)
    PreviousVal                              0x20000194   Data           4  mbed/TARGET_NUCLEO_F401RE/TOOLCHAIN_ARM_STD/hal_tick_32b.o(.data)
    stdio_uart_inited                        0x200001a8   Data           4  mbed/TARGET_NUCLEO_F401RE/TOOLCHAIN_ARM_STD/serial_api.o(.data)
    uwTickFreq                               0x200001ac   Data           1  mbed/TARGET_NUCLEO_F401RE/TOOLCHAIN_ARM_STD/stm32f4xx_hal.o(.data)
    uwTickPrio                               0x200001b0   Data           4  mbed/TARGET_NUCLEO_F401RE/TOOLCHAIN_ARM_STD/stm32f4xx_hal.o(.data)
    uwTick                                   0x200001b4   Data           4  mbed/TARGET_NUCLEO_F401RE/TOOLCHAIN_ARM_STD/stm32f4xx_hal.o(.data)
    SystemCoreClock                          0x200001b8   Data           4  mbed/TARGET_NUCLEO_F401RE/TOOLCHAIN_ARM_STD/system_stm32f4xx.o(.data)
    mbed::FileBase::_head                    0x200001cc   Data           4  mbed/TARGET_NUCLEO_F401RE/TOOLCHAIN_ARM_STD/mbed.ar(FileBase.o)(.data)
    mbed::FileBase::_mutex                   0x200001d0   Data           8  mbed/TARGET_NUCLEO_F401RE/TOOLCHAIN_ARM_STD/mbed.ar(FileBase.o)(.data)
    __aeabi_stdin                            0x200001d8   Data           4  C:\Keil_v5\ARM\ARMCC\Bin\..\lib\armlib\c_w.l(stdio_streams.o)(.data)
    __aeabi_stdout                           0x200001dc   Data           4  C:\Keil_v5\ARM\ARMCC\Bin\..\lib\armlib\c_w.l(stdio_streams.o)(.data)
    __aeabi_stderr                           0x200001e0   Data           4  C:\Keil_v5\ARM\ARMCC\Bin\..\lib\armlib\c_w.l(stdio_streams.o)(.data)
    stdio_uart                               0x20000368   Data          76  mbed/TARGET_NUCLEO_F401RE/TOOLCHAIN_ARM_STD/serial_api.o(.bss)
    serial_irq_ids                           0x200003b4   Data          12  mbed/TARGET_NUCLEO_F401RE/TOOLCHAIN_ARM_STD/serial_device.o(.bss)
    uart_handlers                            0x200003c0   Data         192  mbed/TARGET_NUCLEO_F401RE/TOOLCHAIN_ARM_STD/serial_device.o(.bss)
    TimMasterHandle                          0x20000480   Data          60  mbed/TARGET_NUCLEO_F401RE/TOOLCHAIN_ARM_STD/us_ticker_32b.o(.bss)
    myled                                    0x200004bc   Data          28  .\build\main.o(.bss)
    M1                                       0x200004d8   Data          28  .\build\main.o(.bss)
    M2                                       0x200004f4   Data          28  .\build\main.o(.bss)
    V1                                       0x20000510   Data          28  .\build\main.o(.bss)
    V2                                       0x2000052c   Data          28  .\build\main.o(.bss)
    __stdin                                  0x2000058c   Data          84  C:\Keil_v5\ARM\ARMCC\Bin\..\lib\armlib\c_w.l(stdio_streams.o)(.bss)
    __stdout                                 0x200005e0   Data          84  C:\Keil_v5\ARM\ARMCC\Bin\..\lib\armlib\c_w.l(stdio_streams.o)(.bss)
    __stderr                                 0x20000634   Data          84  C:\Keil_v5\ARM\ARMCC\Bin\..\lib\armlib\c_w.l(stdio_streams.o)(.bss)
    Image$$RW_IRAM1$$ZI$$Limit               0x200006a0   Number         0  anon$$obj.o ABSOLUTE



==============================================================================

Memory Map of the image

  Image Entry point : 0x08000195

  Load Region LR_IROM1 (Base: 0x08000000, Size: 0x00005d24, Max: 0x00080000, ABSOLUTE)

    Execution Region ER_IROM1 (Exec base: 0x08000000, Load base: 0x08000000, Size: 0x00005cd0, Max: 0x00080000, ABSOLUTE)

    Exec Addr    Load Addr    Size         Type   Attr      Idx    E Section Name        Object

    0x08000000   0x08000000   0x00000194   Data   RO          661    RESET               mbed/TARGET_NUCLEO_F401RE/TOOLCHAIN_ARM_STD/startup_stm32f401xe.o
    0x08000194   0x08000194   0x00000008   Code   RO         4021  * !!!main             C:\Keil_v5\ARM\ARMCC\Bin\..\lib\armlib\c_w.l(__main.o)
    0x0800019c   0x0800019c   0x00000034   Code   RO         4601    !!!scatter          C:\Keil_v5\ARM\ARMCC\Bin\..\lib\armlib\c_w.l(__scatter.o)
    0x080001d0   0x080001d0   0x0000001a   Code   RO         4603    !!handler_copy      C:\Keil_v5\ARM\ARMCC\Bin\..\lib\armlib\c_w.l(__scatter_copy.o)
    0x080001ea   0x080001ea   0x00000002   PAD
    0x080001ec   0x080001ec   0x0000001c   Code   RO         4605    !!handler_zi        C:\Keil_v5\ARM\ARMCC\Bin\..\lib\armlib\c_w.l(__scatter_zi.o)
    0x08000208   0x08000208   0x00000000   Code   RO         4255    .ARM.Collect$$_printf_percent$$00000000  C:\Keil_v5\ARM\ARMCC\Bin\..\lib\armlib\c_w.l(_printf_percent.o)
    0x08000208   0x08000208   0x00000006   Code   RO         4244    .ARM.Collect$$_printf_percent$$00000001  C:\Keil_v5\ARM\ARMCC\Bin\..\lib\armlib\c_w.l(_printf_n.o)
    0x0800020e   0x0800020e   0x00000006   Code   RO         4246    .ARM.Collect$$_printf_percent$$00000002  C:\Keil_v5\ARM\ARMCC\Bin\..\lib\armlib\c_w.l(_printf_p.o)
    0x08000214   0x08000214   0x00000006   Code   RO         4251    .ARM.Collect$$_printf_percent$$00000003  C:\Keil_v5\ARM\ARMCC\Bin\..\lib\armlib\c_w.l(_printf_f.o)
    0x0800021a   0x0800021a   0x00000006   Code   RO         4252    .ARM.Collect$$_printf_percent$$00000004  C:\Keil_v5\ARM\ARMCC\Bin\..\lib\armlib\c_w.l(_printf_e.o)
    0x08000220   0x08000220   0x00000006   Code   RO         4253    .ARM.Collect$$_printf_percent$$00000005  C:\Keil_v5\ARM\ARMCC\Bin\..\lib\armlib\c_w.l(_printf_g.o)
    0x08000226   0x08000226   0x00000006   Code   RO         4254    .ARM.Collect$$_printf_percent$$00000006  C:\Keil_v5\ARM\ARMCC\Bin\..\lib\armlib\c_w.l(_printf_a.o)
    0x0800022c   0x0800022c   0x0000000a   Code   RO         4259    .ARM.Collect$$_printf_percent$$00000007  C:\Keil_v5\ARM\ARMCC\Bin\..\lib\armlib\c_w.l(_printf_ll.o)
    0x08000236   0x08000236   0x00000006   Code   RO         4248    .ARM.Collect$$_printf_percent$$00000008  C:\Keil_v5\ARM\ARMCC\Bin\..\lib\armlib\c_w.l(_printf_i.o)
    0x0800023c   0x0800023c   0x00000006   Code   RO         4249    .ARM.Collect$$_printf_percent$$00000009  C:\Keil_v5\ARM\ARMCC\Bin\..\lib\armlib\c_w.l(_printf_d.o)
    0x08000242   0x08000242   0x00000006   Code   RO         4250    .ARM.Collect$$_printf_percent$$0000000A  C:\Keil_v5\ARM\ARMCC\Bin\..\lib\armlib\c_w.l(_printf_u.o)
    0x08000248   0x08000248   0x00000006   Code   RO         4247    .ARM.Collect$$_printf_percent$$0000000B  C:\Keil_v5\ARM\ARMCC\Bin\..\lib\armlib\c_w.l(_printf_o.o)
    0x0800024e   0x0800024e   0x00000006   Code   RO         4245    .ARM.Collect$$_printf_percent$$0000000C  C:\Keil_v5\ARM\ARMCC\Bin\..\lib\armlib\c_w.l(_printf_x.o)
    0x08000254   0x08000254   0x00000006   Code   RO         4256    .ARM.Collect$$_printf_percent$$0000000D  C:\Keil_v5\ARM\ARMCC\Bin\..\lib\armlib\c_w.l(_printf_lli.o)
    0x0800025a   0x0800025a   0x00000006   Code   RO         4257    .ARM.Collect$$_printf_percent$$0000000E  C:\Keil_v5\ARM\ARMCC\Bin\..\lib\armlib\c_w.l(_printf_lld.o)
    0x08000260   0x08000260   0x00000006   Code   RO         4258    .ARM.Collect$$_printf_percent$$0000000F  C:\Keil_v5\ARM\ARMCC\Bin\..\lib\armlib\c_w.l(_printf_llu.o)
    0x08000266   0x08000266   0x00000006   Code   RO         4263    .ARM.Collect$$_printf_percent$$00000010  C:\Keil_v5\ARM\ARMCC\Bin\..\lib\armlib\c_w.l(_printf_llo.o)
    0x0800026c   0x0800026c   0x00000006   Code   RO         4264    .ARM.Collect$$_printf_percent$$00000011  C:\Keil_v5\ARM\ARMCC\Bin\..\lib\armlib\c_w.l(_printf_llx.o)
    0x08000272   0x08000272   0x0000000a   Code   RO         4260    .ARM.Collect$$_printf_percent$$00000012  C:\Keil_v5\ARM\ARMCC\Bin\..\lib\armlib\c_w.l(_printf_l.o)
    0x0800027c   0x0800027c   0x00000006   Code   RO         4242    .ARM.Collect$$_printf_percent$$00000013  C:\Keil_v5\ARM\ARMCC\Bin\..\lib\armlib\c_w.l(_printf_c.o)
    0x08000282   0x08000282   0x00000006   Code   RO         4243    .ARM.Collect$$_printf_percent$$00000014  C:\Keil_v5\ARM\ARMCC\Bin\..\lib\armlib\c_w.l(_printf_s.o)
    0x08000288   0x08000288   0x00000006   Code   RO         4261    .ARM.Collect$$_printf_percent$$00000015  C:\Keil_v5\ARM\ARMCC\Bin\..\lib\armlib\c_w.l(_printf_lc.o)
    0x0800028e   0x0800028e   0x00000006   Code   RO         4262    .ARM.Collect$$_printf_percent$$00000016  C:\Keil_v5\ARM\ARMCC\Bin\..\lib\armlib\c_w.l(_printf_ls.o)
    0x08000294   0x08000294   0x00000004   Code   RO         4398    .ARM.Collect$$_printf_percent$$00000017  C:\Keil_v5\ARM\ARMCC\Bin\..\lib\armlib\c_w.l(_printf_percent_end.o)
    0x08000298   0x08000298   0x00000002   Code   RO         4538    .ARM.Collect$$libinit$$00000000  C:\Keil_v5\ARM\ARMCC\Bin\..\lib\armlib\c_w.l(libinit.o)
    0x0800029a   0x0800029a   0x00000004   Code   RO         4290    .ARM.Collect$$libinit$$00000001  C:\Keil_v5\ARM\ARMCC\Bin\..\lib\armlib\c_w.l(libinit2.o)
    0x0800029e   0x0800029e   0x00000000   Code   RO         4293    .ARM.Collect$$libinit$$00000004  C:\Keil_v5\ARM\ARMCC\Bin\..\lib\armlib\c_w.l(libinit2.o)
    0x0800029e   0x0800029e   0x00000008   Code   RO         4294    .ARM.Collect$$libinit$$00000005  C:\Keil_v5\ARM\ARMCC\Bin\..\lib\armlib\c_w.l(libinit2.o)
    0x080002a6   0x080002a6   0x00000000   Code   RO         4296    .ARM.Collect$$libinit$$0000000A  C:\Keil_v5\ARM\ARMCC\Bin\..\lib\armlib\c_w.l(libinit2.o)
    0x080002a6   0x080002a6   0x00000000   Code   RO         4298    .ARM.Collect$$libinit$$0000000C  C:\Keil_v5\ARM\ARMCC\Bin\..\lib\armlib\c_w.l(libinit2.o)
    0x080002a6   0x080002a6   0x00000000   Code   RO         4300    .ARM.Collect$$libinit$$0000000E  C:\Keil_v5\ARM\ARMCC\Bin\..\lib\armlib\c_w.l(libinit2.o)
    0x080002a6   0x080002a6   0x00000006   Code   RO         4301    .ARM.Collect$$libinit$$0000000F  C:\Keil_v5\ARM\ARMCC\Bin\..\lib\armlib\c_w.l(libinit2.o)
    0x080002ac   0x080002ac   0x00000000   Code   RO         4303    .ARM.Collect$$libinit$$00000011  C:\Keil_v5\ARM\ARMCC\Bin\..\lib\armlib\c_w.l(libinit2.o)
    0x080002ac   0x080002ac   0x0000000c   Code   RO         4304    .ARM.Collect$$libinit$$00000012  C:\Keil_v5\ARM\ARMCC\Bin\..\lib\armlib\c_w.l(libinit2.o)
    0x080002b8   0x080002b8   0x00000000   Code   RO         4305    .ARM.Collect$$libinit$$00000013  C:\Keil_v5\ARM\ARMCC\Bin\..\lib\armlib\c_w.l(libinit2.o)
    0x080002b8   0x080002b8   0x00000000   Code   RO         4307    .ARM.Collect$$libinit$$00000015  C:\Keil_v5\ARM\ARMCC\Bin\..\lib\armlib\c_w.l(libinit2.o)
    0x080002b8   0x080002b8   0x0000000a   Code   RO         4308    .ARM.Collect$$libinit$$00000016  C:\Keil_v5\ARM\ARMCC\Bin\..\lib\armlib\c_w.l(libinit2.o)
    0x080002c2   0x080002c2   0x00000000   Code   RO         4309    .ARM.Collect$$libinit$$00000017  C:\Keil_v5\ARM\ARMCC\Bin\..\lib\armlib\c_w.l(libinit2.o)
    0x080002c2   0x080002c2   0x00000000   Code   RO         4311    .ARM.Collect$$libinit$$00000019  C:\Keil_v5\ARM\ARMCC\Bin\..\lib\armlib\c_w.l(libinit2.o)
    0x080002c2   0x080002c2   0x00000000   Code   RO         4313    .ARM.Collect$$libinit$$0000001B  C:\Keil_v5\ARM\ARMCC\Bin\..\lib\armlib\c_w.l(libinit2.o)
    0x080002c2   0x080002c2   0x00000000   Code   RO         4315    .ARM.Collect$$libinit$$0000001D  C:\Keil_v5\ARM\ARMCC\Bin\..\lib\armlib\c_w.l(libinit2.o)
    0x080002c2   0x080002c2   0x00000000   Code   RO         4317    .ARM.Collect$$libinit$$0000001F  C:\Keil_v5\ARM\ARMCC\Bin\..\lib\armlib\c_w.l(libinit2.o)
    0x080002c2   0x080002c2   0x00000000   Code   RO         4319    .ARM.Collect$$libinit$$00000021  C:\Keil_v5\ARM\ARMCC\Bin\..\lib\armlib\c_w.l(libinit2.o)
    0x080002c2   0x080002c2   0x00000000   Code   RO         4321    .ARM.Collect$$libinit$$00000023  C:\Keil_v5\ARM\ARMCC\Bin\..\lib\armlib\c_w.l(libinit2.o)
    0x080002c2   0x080002c2   0x00000004   Code   RO         4322    .ARM.Collect$$libinit$$00000024  C:\Keil_v5\ARM\ARMCC\Bin\..\lib\armlib\c_w.l(libinit2.o)
    0x080002c6   0x080002c6   0x00000000   Code   RO         4323    .ARM.Collect$$libinit$$00000025  C:\Keil_v5\ARM\ARMCC\Bin\..\lib\armlib\c_w.l(libinit2.o)
    0x080002c6   0x080002c6   0x00000000   Code   RO         4327    .ARM.Collect$$libinit$$0000002C  C:\Keil_v5\ARM\ARMCC\Bin\..\lib\armlib\c_w.l(libinit2.o)
    0x080002c6   0x080002c6   0x00000000   Code   RO         4329    .ARM.Collect$$libinit$$0000002E  C:\Keil_v5\ARM\ARMCC\Bin\..\lib\armlib\c_w.l(libinit2.o)
    0x080002c6   0x080002c6   0x00000000   Code   RO         4331    .ARM.Collect$$libinit$$00000030  C:\Keil_v5\ARM\ARMCC\Bin\..\lib\armlib\c_w.l(libinit2.o)
    0x080002c6   0x080002c6   0x00000004   Code   RO         4332    .ARM.Collect$$libinit$$00000031  C:\Keil_v5\ARM\ARMCC\Bin\..\lib\armlib\c_w.l(libinit2.o)
    0x080002ca   0x080002ca   0x00000000   Code   RO         4333    .ARM.Collect$$libinit$$00000032  C:\Keil_v5\ARM\ARMCC\Bin\..\lib\armlib\c_w.l(libinit2.o)
    0x080002ca   0x080002ca   0x00000002   Code   RO         4334    .ARM.Collect$$libinit$$00000033  C:\Keil_v5\ARM\ARMCC\Bin\..\lib\armlib\c_w.l(libinit2.o)
    0x080002cc   0x080002cc   0x00000000   Code   RO         4441    .ARM.Collect$$libshutdown$$00000004  C:\Keil_v5\ARM\ARMCC\Bin\..\lib\armlib\c_w.l(libshutdown2.o)
    0x080002cc   0x080002cc   0x00000000   Code   RO         4140    .ARM.Collect$$rtentry$$00000000  C:\Keil_v5\ARM\ARMCC\Bin\..\lib\armlib\c_w.l(__rtentry.o)
    0x080002cc   0x080002cc   0x00000000   Code   RO         4359    .ARM.Collect$$rtentry$$00000002  C:\Keil_v5\ARM\ARMCC\Bin\..\lib\armlib\c_w.l(__rtentry2.o)
    0x080002cc   0x080002cc   0x00000006   Code   RO         4371    .ARM.Collect$$rtentry$$00000004  C:\Keil_v5\ARM\ARMCC\Bin\..\lib\armlib\c_w.l(__rtentry4.o)
    0x080002d2   0x080002d2   0x00000008   Code   RO         4360    .ARM.Collect$$rtentry$$00000008  C:\Keil_v5\ARM\ARMCC\Bin\..\lib\armlib\c_w.l(__rtentry2.o)
    0x080002da   0x080002da   0x00000004   Code   RO         4362    .ARM.Collect$$rtentry$$0000000A  C:\Keil_v5\ARM\ARMCC\Bin\..\lib\armlib\c_w.l(__rtentry2.o)
    0x080002de   0x080002de   0x00000000   Code   RO         4364    .ARM.Collect$$rtentry$$0000000C  C:\Keil_v5\ARM\ARMCC\Bin\..\lib\armlib\c_w.l(__rtentry2.o)
    0x080002de   0x080002de   0x00000008   Code   RO         4365    .ARM.Collect$$rtentry$$0000000D  C:\Keil_v5\ARM\ARMCC\Bin\..\lib\armlib\c_w.l(__rtentry2.o)
    0x080002e6   0x080002e6   0x00000002   PAD
    0x080002e8   0x080002e8   0x00000000   Code   RO         4377    .emb_text           C:\Keil_v5\ARM\ARMCC\Bin\..\lib\armlib\c_w.l(maybetermalloc1.o)
    0x080002e8   0x080002e8   0x00000024   Code   RO          662    .text               mbed/TARGET_NUCLEO_F401RE/TOOLCHAIN_ARM_STD/startup_stm32f401xe.o
    0x0800030c   0x0800030c   0x00000008   Code   RO         3908    .text               C:\Keil_v5\ARM\ARMCC\Bin\..\lib\armlib\c_w.l(rt_errno_addr.o)
    0x08000314   0x08000314   0x0000005e   Code   RO         3917    .text               C:\Keil_v5\ARM\ARMCC\Bin\..\lib\armlib\c_w.l(h1_alloc.o)
    0x08000372   0x08000372   0x0000004e   Code   RO         3919    .text               C:\Keil_v5\ARM\ARMCC\Bin\..\lib\armlib\c_w.l(h1_free.o)
    0x080003c0   0x080003c0   0x000000ee   Code   RO         3975    .text               C:\Keil_v5\ARM\ARMCC\Bin\..\lib\armlib\c_w.l(lludivv7m.o)
    0x080004ae   0x080004ae   0x00000026   Code   RO         3977    .text               C:\Keil_v5\ARM\ARMCC\Bin\..\lib\armlib\c_w.l(llshl.o)
    0x080004d4   0x080004d4   0x0000000a   Code   RO         3979    .text               C:\Keil_v5\ARM\ARMCC\Bin\..\lib\armlib\c_w.l(vfprintf.o)
    0x080004de   0x080004de   0x00000002   PAD
    0x080004e0   0x080004e0   0x00000034   Code   RO         3981    .text               C:\Keil_v5\ARM\ARMCC\Bin\..\lib\armlib\c_w.l(vsnprintf.o)
    0x08000514   0x08000514   0x00000064   Code   RO         3983    .text               C:\Keil_v5\ARM\ARMCC\Bin\..\lib\armlib\c_w.l(fflush.o)
    0x08000578   0x08000578   0x000000ec   Code   RO         3991    .text               C:\Keil_v5\ARM\ARMCC\Bin\..\lib\armlib\c_w.l(fopen.o)
    0x08000664   0x08000664   0x0000001c   Code   RO         4007    .text               C:\Keil_v5\ARM\ARMCC\Bin\..\lib\armlib\c_w.l(strspn.o)
    0x08000680   0x08000680   0x0000003e   Code   RO         4009    .text               C:\Keil_v5\ARM\ARMCC\Bin\..\lib\armlib\c_w.l(strlen.o)
    0x080006be   0x080006be   0x00000096   Code   RO         4011    .text               C:\Keil_v5\ARM\ARMCC\Bin\..\lib\armlib\c_w.l(strncmp.o)
    0x08000754   0x08000754   0x00000064   Code   RO         4013    .text               C:\Keil_v5\ARM\ARMCC\Bin\..\lib\armlib\c_w.l(rt_memcpy_w.o)
    0x080007b8   0x080007b8   0x0000004e   Code   RO         4017    .text               C:\Keil_v5\ARM\ARMCC\Bin\..\lib\armlib\c_w.l(rt_memclr_w.o)
    0x08000806   0x08000806   0x00000002   PAD
    0x08000808   0x08000808   0x00000080   Code   RO         4019    .text               C:\Keil_v5\ARM\ARMCC\Bin\..\lib\armlib\c_w.l(strcmpv7m.o)
    0x08000888   0x08000888   0x00000024   Code   RO         4026    .text               C:\Keil_v5\ARM\ARMCC\Bin\..\lib\armlib\c_w.l(init_aeabi.o)
    0x080008ac   0x080008ac   0x00000008   Code   RO         4145    .text               C:\Keil_v5\ARM\ARMCC\Bin\..\lib\armlib\c_w.l(rt_heap_descriptor.o)
    0x080008b4   0x080008b4   0x00000004   Code   RO         4150    .text               C:\Keil_v5\ARM\ARMCC\Bin\..\lib\armlib\c_w.l(hguard.o)
    0x080008b8   0x080008b8   0x0000008a   Code   RO         4152    .text               C:\Keil_v5\ARM\ARMCC\Bin\..\lib\armlib\c_w.l(init_alloc.o)
    0x08000942   0x08000942   0x0000000e   Code   RO         4156    .text               C:\Keil_v5\ARM\ARMCC\Bin\..\lib\armlib\c_w.l(h1_init.o)
    0x08000950   0x08000950   0x0000004e   Code   RO         4172    .text               C:\Keil_v5\ARM\ARMCC\Bin\..\lib\armlib\c_w.l(_printf_pad.o)
    0x0800099e   0x0800099e   0x00000024   Code   RO         4174    .text               C:\Keil_v5\ARM\ARMCC\Bin\..\lib\armlib\c_w.l(_printf_truncate.o)
    0x080009c2   0x080009c2   0x00000052   Code   RO         4176    .text               C:\Keil_v5\ARM\ARMCC\Bin\..\lib\armlib\c_w.l(_printf_str.o)
    0x08000a14   0x08000a14   0x00000078   Code   RO         4178    .text               C:\Keil_v5\ARM\ARMCC\Bin\..\lib\armlib\c_w.l(_printf_dec.o)
    0x08000a8c   0x08000a8c   0x00000028   Code   RO         4180    .text               C:\Keil_v5\ARM\ARMCC\Bin\..\lib\armlib\c_w.l(_printf_charcount.o)
    0x08000ab4   0x08000ab4   0x00000030   Code   RO         4182    .text               C:\Keil_v5\ARM\ARMCC\Bin\..\lib\armlib\c_w.l(_printf_char_common.o)
    0x08000ae4   0x08000ae4   0x0000000a   Code   RO         4184    .text               C:\Keil_v5\ARM\ARMCC\Bin\..\lib\armlib\c_w.l(_sputc.o)
    0x08000aee   0x08000aee   0x00000010   Code   RO         4186    .text               C:\Keil_v5\ARM\ARMCC\Bin\..\lib\armlib\c_w.l(_snputc.o)
    0x08000afe   0x08000afe   0x00000002   PAD
    0x08000b00   0x08000b00   0x00000024   Code   RO         4188    .text               C:\Keil_v5\ARM\ARMCC\Bin\..\lib\armlib\c_w.l(_printf_char_file.o)
    0x08000b24   0x08000b24   0x000000bc   Code   RO         4190    .text               C:\Keil_v5\ARM\ARMCC\Bin\..\lib\armlib\c_w.l(_printf_wctomb.o)
    0x08000be0   0x08000be0   0x0000007c   Code   RO         4193    .text               C:\Keil_v5\ARM\ARMCC\Bin\..\lib\armlib\c_w.l(_printf_longlong_dec.o)
    0x08000c5c   0x08000c5c   0x00000070   Code   RO         4199    .text               C:\Keil_v5\ARM\ARMCC\Bin\..\lib\armlib\c_w.l(_printf_oct_int_ll.o)
    0x08000ccc   0x08000ccc   0x00000094   Code   RO         4219    .text               C:\Keil_v5\ARM\ARMCC\Bin\..\lib\armlib\c_w.l(_printf_hex_int_ll_ptr.o)
    0x08000d60   0x08000d60   0x00000188   Code   RO         4239    .text               C:\Keil_v5\ARM\ARMCC\Bin\..\lib\armlib\c_w.l(__printf_flags_ss_wp.o)
    0x08000ee8   0x08000ee8   0x00000008   Code   RO         4265    .text               C:\Keil_v5\ARM\ARMCC\Bin\..\lib\armlib\c_w.l(ferror.o)
    0x08000ef0   0x08000ef0   0x000000f8   Code   RO         4269    .text               C:\Keil_v5\ARM\ARMCC\Bin\..\lib\armlib\c_w.l(fseek.o)
    0x08000fe8   0x08000fe8   0x00000046   Code   RO         4271    .text               C:\Keil_v5\ARM\ARMCC\Bin\..\lib\armlib\c_w.l(setvbuf.o)
    0x0800102e   0x0800102e   0x00000002   PAD
    0x08001030   0x08001030   0x000000f0   Code   RO         4273    .text               C:\Keil_v5\ARM\ARMCC\Bin\..\lib\armlib\c_w.l(stdio.o)
    0x08001120   0x08001120   0x00000138   Code   RO         4276    .text               C:\Keil_v5\ARM\ARMCC\Bin\..\lib\armlib\c_w.l(initio.o)
    0x08001258   0x08001258   0x0000004c   Code   RO         4278    .text               C:\Keil_v5\ARM\ARMCC\Bin\..\lib\armlib\c_w.l(fclose.o)
    0x080012a4   0x080012a4   0x00000034   Code   RO         4379    .text               C:\Keil_v5\ARM\ARMCC\Bin\..\lib\armlib\c_w.l(h1_extend.o)
    0x080012d8   0x080012d8   0x0000008a   Code   RO         4383    .text               C:\Keil_v5\ARM\ARMCC\Bin\..\lib\armlib\c_w.l(lludiv10.o)
    0x08001362   0x08001362   0x000000b2   Code   RO         4385    .text               C:\Keil_v5\ARM\ARMCC\Bin\..\lib\armlib\c_w.l(_printf_intcommon.o)
    0x08001414   0x08001414   0x0000041e   Code   RO         4387    .text               C:\Keil_v5\ARM\ARMCC\Bin\..\lib\armlib\c_w.l(_printf_fp_dec.o)
    0x08001832   0x08001832   0x00000002   PAD
    0x08001834   0x08001834   0x000002fc   Code   RO         4389    .text               C:\Keil_v5\ARM\ARMCC\Bin\..\lib\armlib\c_w.l(_printf_fp_hex.o)
    0x08001b30   0x08001b30   0x0000002c   Code   RO         4394    .text               C:\Keil_v5\ARM\ARMCC\Bin\..\lib\armlib\c_w.l(_printf_char.o)
    0x08001b5c   0x08001b5c   0x0000002c   Code   RO         4396    .text               C:\Keil_v5\ARM\ARMCC\Bin\..\lib\armlib\c_w.l(_printf_wchar.o)
    0x08001b88   0x08001b88   0x00000042   Code   RO         4403    .text               C:\Keil_v5\ARM\ARMCC\Bin\..\lib\armlib\c_w.l(ftell.o)
    0x08001bca   0x08001bca   0x00000040   Code   RO         4421    .text               C:\Keil_v5\ARM\ARMCC\Bin\..\lib\armlib\c_w.l(_wcrtomb.o)
    0x08001c0a   0x08001c0a   0x0000000e   Code   RO         4423    .text               C:\Keil_v5\ARM\ARMCC\Bin\..\lib\armlib\c_w.l(defsig_rtred_outer.o)
    0x08001c18   0x08001c18   0x0000000e   Code   RO         4427    .text               C:\Keil_v5\ARM\ARMCC\Bin\..\lib\armlib\c_w.l(defsig_rtmem_outer.o)
    0x08001c26   0x08001c26   0x00000002   PAD
    0x08001c28   0x08001c28   0x00000050   Code   RO         4431    .text               C:\Keil_v5\ARM\ARMCC\Bin\..\lib\armlib\c_w.l(heapauxa.o)
    0x08001c78   0x08001c78   0x00000010   Code   RO         4469    .text               C:\Keil_v5\ARM\ARMCC\Bin\..\lib\armlib\c_w.l(rt_ctype_table.o)
    0x08001c88   0x08001c88   0x00000008   Code   RO         4473    .text               C:\Keil_v5\ARM\ARMCC\Bin\..\lib\armlib\c_w.l(rt_locale.o)
    0x08001c90   0x08001c90   0x00000080   Code   RO         4485    .text               C:\Keil_v5\ARM\ARMCC\Bin\..\lib\armlib\c_w.l(_printf_fp_infnan.o)
    0x08001d10   0x08001d10   0x000000e4   Code   RO         4487    .text               C:\Keil_v5\ARM\ARMCC\Bin\..\lib\armlib\c_w.l(bigflt0.o)
    0x08001df4   0x08001df4   0x000001d6   Code   RO         4512    .text               C:\Keil_v5\ARM\ARMCC\Bin\..\lib\armlib\c_w.l(flsbuf.o)
    0x08001fca   0x08001fca   0x0000000a   Code   RO         4519    .text               C:\Keil_v5\ARM\ARMCC\Bin\..\lib\armlib\c_w.l(defsig_exit.o)
    0x08001fd4   0x08001fd4   0x00000034   Code   RO         4525    .text               C:\Keil_v5\ARM\ARMCC\Bin\..\lib\armlib\c_w.l(defsig_rtred_inner.o)
    0x08002008   0x08002008   0x00000050   Code   RO         4527    .text               C:\Keil_v5\ARM\ARMCC\Bin\..\lib\armlib\c_w.l(defsig_rtmem_inner.o)
    0x08002058   0x08002058   0x0000000c   Code   RO         4549    .text               C:\Keil_v5\ARM\ARMCC\Bin\..\lib\armlib\c_w.l(sys_exit.o)
    0x08002064   0x08002064   0x00000032   Code   RO         4566    .text               C:\Keil_v5\ARM\ARMCC\Bin\..\lib\armlib\c_w.l(defsig_general.o)
    0x08002096   0x08002096   0x0000000e   Code   RO         4576    .text               C:\Keil_v5\ARM\ARMCC\Bin\..\lib\armlib\c_w.l(sys_wrch.o)
    0x080020a4   0x080020a4   0x00000002   Code   RO         4578    .text               C:\Keil_v5\ARM\ARMCC\Bin\..\lib\armlib\c_w.l(use_no_semi.o)
    0x080020a6   0x080020a6   0x00000000   Code   RO         4580    .text               C:\Keil_v5\ARM\ARMCC\Bin\..\lib\armlib\c_w.l(indicate_semi.o)
    0x080020a6   0x080020a6   0x0000003e   Code   RO         4490    CL$$btod_d2e        C:\Keil_v5\ARM\ARMCC\Bin\..\lib\armlib\c_w.l(btod.o)
    0x080020e4   0x080020e4   0x00000046   Code   RO         4492    CL$$btod_d2e_denorm_low  C:\Keil_v5\ARM\ARMCC\Bin\..\lib\armlib\c_w.l(btod.o)
    0x0800212a   0x0800212a   0x00000060   Code   RO         4491    CL$$btod_d2e_norm_op1  C:\Keil_v5\ARM\ARMCC\Bin\..\lib\armlib\c_w.l(btod.o)
    0x0800218a   0x0800218a   0x00000338   Code   RO         4500    CL$$btod_div_common  C:\Keil_v5\ARM\ARMCC\Bin\..\lib\armlib\c_w.l(btod.o)
    0x080024c2   0x080024c2   0x000000dc   Code   RO         4497    CL$$btod_e2e        C:\Keil_v5\ARM\ARMCC\Bin\..\lib\armlib\c_w.l(btod.o)
    0x0800259e   0x0800259e   0x0000002a   Code   RO         4494    CL$$btod_ediv       C:\Keil_v5\ARM\ARMCC\Bin\..\lib\armlib\c_w.l(btod.o)
    0x080025c8   0x080025c8   0x0000002a   Code   RO         4493    CL$$btod_emul       C:\Keil_v5\ARM\ARMCC\Bin\..\lib\armlib\c_w.l(btod.o)
    0x080025f2   0x080025f2   0x00000244   Code   RO         4499    CL$$btod_mult_common  C:\Keil_v5\ARM\ARMCC\Bin\..\lib\armlib\c_w.l(btod.o)
    0x08002836   0x08002836   0x0000000e   Code   RO          435    i.$Sub$$main        mbed/TARGET_NUCLEO_F401RE/TOOLCHAIN_ARM_STD/mbed_sdk_boot.o
    0x08002844   0x08002844   0x0000000c   Code   RO          680    i.HAL_GetTick       mbed/TARGET_NUCLEO_F401RE/TOOLCHAIN_ARM_STD/stm32f4xx_hal.o
    0x08002850   0x08002850   0x00000010   Code   RO          684    i.HAL_IncTick       mbed/TARGET_NUCLEO_F401RE/TOOLCHAIN_ARM_STD/stm32f4xx_hal.o
    0x08002860   0x08002860   0x00000034   Code   RO          685    i.HAL_Init          mbed/TARGET_NUCLEO_F401RE/TOOLCHAIN_ARM_STD/stm32f4xx_hal.o
    0x08002894   0x08002894   0x000000cc   Code   RO          139    i.HAL_InitTick      mbed/TARGET_NUCLEO_F401RE/TOOLCHAIN_ARM_STD/hal_tick_32b.o
    0x08002960   0x08002960   0x00000002   Code   RO          688    i.HAL_MspInit       mbed/TARGET_NUCLEO_F401RE/TOOLCHAIN_ARM_STD/stm32f4xx_hal.o
    0x08002962   0x08002962   0x00000002   PAD
    0x08002964   0x08002964   0x00000024   Code   RO          846    i.HAL_NVIC_SetPriorityGrouping  mbed/TARGET_NUCLEO_F401RE/TOOLCHAIN_ARM_STD/stm32f4xx_hal_cortex.o
    0x08002988   0x08002988   0x00000158   Code   RO         1723    i.HAL_RCC_ClockConfig  mbed/TARGET_NUCLEO_F401RE/TOOLCHAIN_ARM_STD/stm32f4xx_hal_rcc.o
    0x08002ae0   0x08002ae0   0x00000040   Code   RO         1727    i.HAL_RCC_GetClockConfig  mbed/TARGET_NUCLEO_F401RE/TOOLCHAIN_ARM_STD/stm32f4xx_hal_rcc.o
    0x08002b20   0x08002b20   0x00000020   Code   RO         1730    i.HAL_RCC_GetPCLK1Freq  mbed/TARGET_NUCLEO_F401RE/TOOLCHAIN_ARM_STD/stm32f4xx_hal_rcc.o
    0x08002b40   0x08002b40   0x00000020   Code   RO         1731    i.HAL_RCC_GetPCLK2Freq  mbed/TARGET_NUCLEO_F401RE/TOOLCHAIN_ARM_STD/stm32f4xx_hal_rcc.o
    0x08002b60   0x08002b60   0x00000074   Code   RO         1732    i.HAL_RCC_GetSysClockFreq  mbed/TARGET_NUCLEO_F401RE/TOOLCHAIN_ARM_STD/stm32f4xx_hal_rcc.o
    0x08002bd4   0x08002bd4   0x000003a0   Code   RO         1735    i.HAL_RCC_OscConfig  mbed/TARGET_NUCLEO_F401RE/TOOLCHAIN_ARM_STD/stm32f4xx_hal_rcc.o
    0x08002f74   0x08002f74   0x0000002c   Code   RO         2420    i.HAL_TIMEx_PWMN_Start  mbed/TARGET_NUCLEO_F401RE/TOOLCHAIN_ARM_STD/stm32f4xx_hal_tim_ex.o
    0x08002fa0   0x08002fa0   0x00000036   Code   RO         2243    i.HAL_TIM_OC_Init   mbed/TARGET_NUCLEO_F401RE/TOOLCHAIN_ARM_STD/stm32f4xx_hal_tim.o
    0x08002fd6   0x08002fd6   0x00000002   Code   RO         2245    i.HAL_TIM_OC_MspInit  mbed/TARGET_NUCLEO_F401RE/TOOLCHAIN_ARM_STD/stm32f4xx_hal_tim.o
    0x08002fd8   0x08002fd8   0x00000036   Code   RO         2246    i.HAL_TIM_OC_Start  mbed/TARGET_NUCLEO_F401RE/TOOLCHAIN_ARM_STD/stm32f4xx_hal_tim.o
    0x0800300e   0x0800300e   0x00000002   PAD
    0x08003010   0x08003010   0x00000214   Code   RO         2262    i.HAL_TIM_PWM_ConfigChannel  mbed/TARGET_NUCLEO_F401RE/TOOLCHAIN_ARM_STD/stm32f4xx_hal_tim.o
    0x08003224   0x08003224   0x00000036   Code   RO         2265    i.HAL_TIM_PWM_Init  mbed/TARGET_NUCLEO_F401RE/TOOLCHAIN_ARM_STD/stm32f4xx_hal_tim.o
    0x0800325a   0x0800325a   0x00000002   Code   RO         2267    i.HAL_TIM_PWM_MspInit  mbed/TARGET_NUCLEO_F401RE/TOOLCHAIN_ARM_STD/stm32f4xx_hal_tim.o
    0x0800325c   0x0800325c   0x00000036   Code   RO         2269    i.HAL_TIM_PWM_Start  mbed/TARGET_NUCLEO_F401RE/TOOLCHAIN_ARM_STD/stm32f4xx_hal_tim.o
    0x08003292   0x08003292   0x00000062   Code   RO         2495    i.HAL_UART_Init     mbed/TARGET_NUCLEO_F401RE/TOOLCHAIN_ARM_STD/stm32f4xx_hal_uart.o
    0x080032f4   0x080032f4   0x00000002   Code   RO         2497    i.HAL_UART_MspInit  mbed/TARGET_NUCLEO_F401RE/TOOLCHAIN_ARM_STD/stm32f4xx_hal_uart.o
    0x080032f6   0x080032f6   0x00000002   PAD
    0x080032f8   0x080032f8   0x000000f0   Code   RO         2925    i.SetSysClock       mbed/TARGET_NUCLEO_F401RE/TOOLCHAIN_ARM_STD/system_clock.o
    0x080033e8   0x080033e8   0x000000d0   Code   RO           66    i.Set_GPIO_Clock    mbed/TARGET_NUCLEO_F401RE/TOOLCHAIN_ARM_STD/gpio_api.o
    0x080034b8   0x080034b8   0x00000084   Code   RO         2939    i.SystemCoreClockUpdate  mbed/TARGET_NUCLEO_F401RE/TOOLCHAIN_ARM_STD/system_stm32f4xx.o
    0x0800353c   0x0800353c   0x00000058   Code   RO         2928    i.SystemInit        mbed/TARGET_NUCLEO_F401RE/TOOLCHAIN_ARM_STD/system_clock.o
    0x08003594   0x08003594   0x00000094   Code   RO         2280    i.TIM_Base_SetConfig  mbed/TARGET_NUCLEO_F401RE/TOOLCHAIN_ARM_STD/stm32f4xx_hal_tim.o
    0x08003628   0x08003628   0x00000344   Code   RO         2518    i.UART_SetConfig    mbed/TARGET_NUCLEO_F401RE/TOOLCHAIN_ARM_STD/stm32f4xx_hal_uart.o
    0x0800396c   0x0800396c   0x0000005c   Code   RO         2976    i._Z7Avancerv       .\build\main.o
    0x080039c8   0x080039c8   0x0000001a   Code   RO         3040    i._ZN4mbed10DigitalOutC1E7PinName  .\build\main.o
    0x080039e2   0x080039e2   0x0000001e   Code   RO         3028    i._ZN4mbed10DigitalOutaSEi  .\build\main.o
    0x08003a00   0x08003a00   0x00000034   Code   RO         3022    i._ZN4mbed6PwmOut5writeEf  .\build\main.o
    0x08003a34   0x08003a34   0x0000001e   Code   RO         3034    i._ZN4mbed6PwmOutC1E7PinName  .\build\main.o
    0x08003a52   0x08003a52   0x00000022   Code   RO         3046    i._ZN4mbed6PwmOutD1Ev  .\build\main.o
    0x08003a74   0x08003a74   0x00000004   Code   RO         3872    i._ZN4mbed8FileBase11getPathTypeEv  mbed/TARGET_NUCLEO_F401RE/TOOLCHAIN_ARM_STD/mbed.ar(FileBase.o)
    0x08003a78   0x08003a78   0x0000006c   Code   RO         3874    i._ZN4mbed8FileBase6lookupEPKcj  mbed/TARGET_NUCLEO_F401RE/TOOLCHAIN_ARM_STD/mbed.ar(FileBase.o)
    0x08003ae4   0x08003ae4   0x0000001e   Code   RO         3775    i._ZN4mbed8FilePath10fileSystemEv  mbed/TARGET_NUCLEO_F401RE/TOOLCHAIN_ARM_STD/mbed.ar(FilePath.o)
    0x08003b02   0x08003b02   0x0000001c   Code   RO         3777    i._ZN4mbed8FilePath4fileEv  mbed/TARGET_NUCLEO_F401RE/TOOLCHAIN_ARM_STD/mbed.ar(FilePath.o)
    0x08003b1e   0x08003b1e   0x0000000a   Code   RO         3778    i._ZN4mbed8FilePath6existsEv  mbed/TARGET_NUCLEO_F401RE/TOOLCHAIN_ARM_STD/mbed.ar(FilePath.o)
    0x08003b28   0x08003b28   0x00000018   Code   RO         3779    i._ZN4mbed8FilePath6isFileEv  mbed/TARGET_NUCLEO_F401RE/TOOLCHAIN_ARM_STD/mbed.ar(FilePath.o)
    0x08003b40   0x08003b40   0x00000004   Code   RO         3780    i._ZN4mbed8FilePath8fileNameEv  mbed/TARGET_NUCLEO_F401RE/TOOLCHAIN_ARM_STD/mbed.ar(FilePath.o)
    0x08003b44   0x08003b44   0x00000060   Code   RO         3781    i._ZN4mbed8FilePathC1EPKc  mbed/TARGET_NUCLEO_F401RE/TOOLCHAIN_ARM_STD/mbed.ar(FilePath.o)
    0x08003ba4   0x08003ba4   0x00000030   Code   RO         4547    i.__ARM_fpclassify  C:\Keil_v5\ARM\ARMCC\Bin\..\lib\armlib\m_wm.l(fpclassify.o)
    0x08003bd4   0x08003bd4   0x00000004   Code   RO          281    i.__aeabi_atexit    mbed/TARGET_NUCLEO_F401RE/TOOLCHAIN_ARM_STD/mbed_retarget.o
    0x08003bd8   0x08003bd8   0x0000005c   Code   RO         2978    i.__sti___8_main_cpp_myled  .\build\main.o
    0x08003c34   0x08003c34   0x00000008   Code   RO          287    i.__user_setup_stackheap  mbed/TARGET_NUCLEO_F401RE/TOOLCHAIN_ARM_STD/mbed_retarget.o
    0x08003c3c   0x08003c3c   0x0000000e   Code   RO         4232    i._is_digit         C:\Keil_v5\ARM\ARMCC\Bin\..\lib\armlib\c_w.l(__printf_wp.o)
    0x08003c4a   0x08003c4a   0x00000002   PAD
    0x08003c4c   0x08003c4c   0x00000010   Code   RO          288    i._mbed_user_setup_stackheap  mbed/TARGET_NUCLEO_F401RE/TOOLCHAIN_ARM_STD/mbed_retarget.o
    0x08003c5c   0x08003c5c   0x00000020   Code   RO          436    i._platform_post_stackheap_init  mbed/TARGET_NUCLEO_F401RE/TOOLCHAIN_ARM_STD/mbed_sdk_boot.o
    0x08003c7c   0x08003c7c   0x0000004c   Code   RO          289    i._sys_close        mbed/TARGET_NUCLEO_F401RE/TOOLCHAIN_ARM_STD/mbed_retarget.o
    0x08003cc8   0x08003cc8   0x0000004c   Code   RO          292    i._sys_flen         mbed/TARGET_NUCLEO_F401RE/TOOLCHAIN_ARM_STD/mbed_retarget.o
    0x08003d14   0x08003d14   0x00000040   Code   RO          293    i._sys_istty        mbed/TARGET_NUCLEO_F401RE/TOOLCHAIN_ARM_STD/mbed_retarget.o
    0x08003d54   0x08003d54   0x00000200   Code   RO          294    i._sys_open         mbed/TARGET_NUCLEO_F401RE/TOOLCHAIN_ARM_STD/mbed_retarget.o
    0x08003f54   0x08003f54   0x00000050   Code   RO          296    i._sys_seek         mbed/TARGET_NUCLEO_F401RE/TOOLCHAIN_ARM_STD/mbed_retarget.o
    0x08003fa4   0x08003fa4   0x0000007c   Code   RO          297    i._sys_write        mbed/TARGET_NUCLEO_F401RE/TOOLCHAIN_ARM_STD/mbed_retarget.o
    0x08004020   0x08004020   0x0000001a   Code   RO         3826    i.core_util_atomic_decr_u16  mbed/TARGET_NUCLEO_F401RE/TOOLCHAIN_ARM_STD/mbed.ar(mbed_critical.o)
    0x0800403a   0x0800403a   0x0000001a   Code   RO         3830    i.core_util_atomic_incr_u16  mbed/TARGET_NUCLEO_F401RE/TOOLCHAIN_ARM_STD/mbed.ar(mbed_critical.o)
    0x08004054   0x08004054   0x0000008c   Code   RO         3833    i.core_util_critical_section_enter  mbed/TARGET_NUCLEO_F401RE/TOOLCHAIN_ARM_STD/mbed.ar(mbed_critical.o)
    0x080040e0   0x080040e0   0x00000058   Code   RO         3834    i.core_util_critical_section_exit  mbed/TARGET_NUCLEO_F401RE/TOOLCHAIN_ARM_STD/mbed.ar(mbed_critical.o)
    0x08004138   0x08004138   0x00000018   Code   RO          566    i.debug             mbed/TARGET_NUCLEO_F401RE/TOOLCHAIN_ARM_STD/serial_api.o
    0x08004150   0x08004150   0x00000028   Code   RO         3811    i.error             mbed/TARGET_NUCLEO_F401RE/TOOLCHAIN_ARM_STD/mbed.ar(mbed_error.o)
    0x08004178   0x08004178   0x00000020   Code   RO          300    i.exit              mbed/TARGET_NUCLEO_F401RE/TOOLCHAIN_ARM_STD/mbed_retarget.o
    0x08004198   0x08004198   0x0000001a   Code   RO         4400    i.fputc             C:\Keil_v5\ARM\ARMCC\Bin\..\lib\armlib\c_w.l(fputc.o)
    0x080041b2   0x080041b2   0x00000002   PAD
    0x080041b4   0x080041b4   0x00000008   Code   RO         3713    i.get_us_ticker_data  mbed/TARGET_NUCLEO_F401RE/TOOLCHAIN_ARM_STD/mbed.ar(mbed_us_ticker_api.o)
    0x080041bc   0x080041bc   0x00000062   Code   RO           79    i.gpio_dir          mbed/TARGET_NUCLEO_F401RE/TOOLCHAIN_ARM_STD/gpio_api.o
    0x0800421e   0x0800421e   0x00000002   PAD
    0x08004220   0x08004220   0x00000050   Code   RO           67    i.gpio_init         mbed/TARGET_NUCLEO_F401RE/TOOLCHAIN_ARM_STD/gpio_api.o
    0x08004270   0x08004270   0x00000030   Code   RO         3675    i.gpio_init_out     mbed/TARGET_NUCLEO_F401RE/TOOLCHAIN_ARM_STD/mbed.ar(mbed_gpio.o)
    0x080042a0   0x080042a0   0x00000008   Code   RO           68    i.gpio_mode         mbed/TARGET_NUCLEO_F401RE/TOOLCHAIN_ARM_STD/gpio_api.o
    0x080042a8   0x080042a8   0x00000058   Code   RO          568    i.init_uart         mbed/TARGET_NUCLEO_F401RE/TOOLCHAIN_ARM_STD/serial_api.o
    0x08004300   0x08004300   0x000000d4   Code   RO         3745    i.initialize        mbed/TARGET_NUCLEO_F401RE/TOOLCHAIN_ARM_STD/mbed.ar(mbed_ticker_api.o)
    0x080043d4   0x080043d4   0x0000001c   Code   RO         2979    i.main              .\build\main.o
    0x080043f0   0x080043f0   0x00000054   Code   RO         3803    i.mbed_assert_internal  mbed/TARGET_NUCLEO_F401RE/TOOLCHAIN_ARM_STD/mbed.ar(mbed_assert.o)
    0x08004444   0x08004444   0x00000058   Code   RO          250    i.mbed_die          mbed/TARGET_NUCLEO_F401RE/TOOLCHAIN_ARM_STD/mbed_board.o
    0x0800449c   0x0800449c   0x00000054   Code   RO          251    i.mbed_error_printf  mbed/TARGET_NUCLEO_F401RE/TOOLCHAIN_ARM_STD/mbed_board.o
    0x080044f0   0x080044f0   0x00000050   Code   RO          252    i.mbed_error_vfprintf  mbed/TARGET_NUCLEO_F401RE/TOOLCHAIN_ARM_STD/mbed_board.o
    0x08004540   0x08004540   0x00000002   Code   RO          438    i.mbed_main         mbed/TARGET_NUCLEO_F401RE/TOOLCHAIN_ARM_STD/mbed_sdk_boot.o
    0x08004542   0x08004542   0x00000016   Code   RO          262    i.mbed_sdk_init     mbed/TARGET_NUCLEO_F401RE/TOOLCHAIN_ARM_STD/mbed_overrides.o
    0x08004558   0x08004558   0x000001d0   Code   RO          472    i.pin_function      mbed/TARGET_NUCLEO_F401RE/TOOLCHAIN_ARM_STD/pinmap.o
    0x08004728   0x08004728   0x00000104   Code   RO          473    i.pin_mode          mbed/TARGET_NUCLEO_F401RE/TOOLCHAIN_ARM_STD/pinmap.o
    0x0800482c   0x0800482c   0x00000060   Code   RO         3697    i.pinmap_function   mbed/TARGET_NUCLEO_F401RE/TOOLCHAIN_ARM_STD/mbed.ar(mbed_pinmap_common.o)
    0x0800488c   0x0800488c   0x0000003c   Code   RO         3698    i.pinmap_merge      mbed/TARGET_NUCLEO_F401RE/TOOLCHAIN_ARM_STD/mbed.ar(mbed_pinmap_common.o)
    0x080048c8   0x080048c8   0x00000060   Code   RO         3699    i.pinmap_peripheral  mbed/TARGET_NUCLEO_F401RE/TOOLCHAIN_ARM_STD/mbed.ar(mbed_pinmap_common.o)
    0x08004928   0x08004928   0x0000005c   Code   RO         3700    i.pinmap_pinout     mbed/TARGET_NUCLEO_F401RE/TOOLCHAIN_ARM_STD/mbed.ar(mbed_pinmap_common.o)
    0x08004984   0x08004984   0x0000018c   Code   RO          503    i.pwmout_init       mbed/TARGET_NUCLEO_F401RE/TOOLCHAIN_ARM_STD/pwmout_api.o
    0x08004b10   0x08004b10   0x00000018   Code   RO          504    i.pwmout_period     mbed/TARGET_NUCLEO_F401RE/TOOLCHAIN_ARM_STD/pwmout_api.o
    0x08004b28   0x08004b28   0x00000194   Code   RO          506    i.pwmout_period_us  mbed/TARGET_NUCLEO_F401RE/TOOLCHAIN_ARM_STD/pwmout_api.o
    0x08004cbc   0x08004cbc   0x000000cc   Code   RO          511    i.pwmout_write      mbed/TARGET_NUCLEO_F401RE/TOOLCHAIN_ARM_STD/pwmout_api.o
    0x08004d88   0x08004d88   0x000000ec   Code   RO         3746    i.schedule_interrupt  mbed/TARGET_NUCLEO_F401RE/TOOLCHAIN_ARM_STD/mbed.ar(mbed_ticker_api.o)
    0x08004e74   0x08004e74   0x00000048   Code   RO          569    i.serial_baud       mbed/TARGET_NUCLEO_F401RE/TOOLCHAIN_ARM_STD/serial_api.o
    0x08004ebc   0x08004ebc   0x0000020c   Code   RO          573    i.serial_init       mbed/TARGET_NUCLEO_F401RE/TOOLCHAIN_ARM_STD/serial_api.o
    0x080050c8   0x080050c8   0x00000028   Code   RO          605    i.serial_putc       mbed/TARGET_NUCLEO_F401RE/TOOLCHAIN_ARM_STD/serial_device.o
    0x080050f0   0x080050f0   0x00000018   Code   RO          576    i.serial_writable   mbed/TARGET_NUCLEO_F401RE/TOOLCHAIN_ARM_STD/serial_api.o
    0x08005108   0x08005108   0x00000060   Code   RO         3730    i.sleep_manager_lock_deep_sleep  mbed/TARGET_NUCLEO_F401RE/TOOLCHAIN_ARM_STD/mbed.ar(mbed_sleep_manager.o)
    0x08005168   0x08005168   0x00000054   Code   RO         3732    i.sleep_manager_unlock_deep_sleep  mbed/TARGET_NUCLEO_F401RE/TOOLCHAIN_ARM_STD/mbed.ar(mbed_sleep_manager.o)
    0x080051bc   0x080051bc   0x0000004e   Code   RO         3750    i.ticker_irq_handler  mbed/TARGET_NUCLEO_F401RE/TOOLCHAIN_ARM_STD/mbed.ar(mbed_ticker_api.o)
    0x0800520a   0x0800520a   0x0000001c   Code   RO         3751    i.ticker_read       mbed/TARGET_NUCLEO_F401RE/TOOLCHAIN_ARM_STD/mbed.ar(mbed_ticker_api.o)
    0x08005226   0x08005226   0x00000002   PAD
    0x08005228   0x08005228   0x00000064   Code   RO          142    i.timer_irq_handler  mbed/TARGET_NUCLEO_F401RE/TOOLCHAIN_ARM_STD/hal_tick_32b.o
    0x0800528c   0x0800528c   0x00000104   Code   RO         3755    i.update_present_time  mbed/TARGET_NUCLEO_F401RE/TOOLCHAIN_ARM_STD/mbed.ar(mbed_ticker_api.o)
    0x08005390   0x08005390   0x00000010   Code   RO         2956    i.us_ticker_clear_interrupt  mbed/TARGET_NUCLEO_F401RE/TOOLCHAIN_ARM_STD/us_ticker_32b.o
    0x080053a0   0x080053a0   0x00000014   Code   RO         2957    i.us_ticker_disable_interrupt  mbed/TARGET_NUCLEO_F401RE/TOOLCHAIN_ARM_STD/us_ticker_32b.o
    0x080053b4   0x080053b4   0x00000014   Code   RO         2958    i.us_ticker_fire_interrupt  mbed/TARGET_NUCLEO_F401RE/TOOLCHAIN_ARM_STD/us_ticker_32b.o
    0x080053c8   0x080053c8   0x00000008   Code   RO          313    i.us_ticker_get_info  mbed/TARGET_NUCLEO_F401RE/TOOLCHAIN_ARM_STD/mbed_retarget.o
    0x080053d0   0x080053d0   0x00000002   Code   RO         2959    i.us_ticker_init    mbed/TARGET_NUCLEO_F401RE/TOOLCHAIN_ARM_STD/us_ticker_32b.o
    0x080053d2   0x080053d2   0x00000002   PAD
    0x080053d4   0x080053d4   0x00000018   Code   RO         3715    i.us_ticker_irq_handler  mbed/TARGET_NUCLEO_F401RE/TOOLCHAIN_ARM_STD/mbed.ar(mbed_us_ticker_api.o)
    0x080053ec   0x080053ec   0x0000000c   Code   RO         2960    i.us_ticker_read    mbed/TARGET_NUCLEO_F401RE/TOOLCHAIN_ARM_STD/us_ticker_32b.o
    0x080053f8   0x080053f8   0x00000020   Code   RO         2961    i.us_ticker_set_interrupt  mbed/TARGET_NUCLEO_F401RE/TOOLCHAIN_ARM_STD/us_ticker_32b.o
    0x08005418   0x08005418   0x00000030   Code   RO         3860    i.wait              mbed/TARGET_NUCLEO_F401RE/TOOLCHAIN_ARM_STD/mbed.ar(mbed_wait_api_no_rtos.o)
    0x08005448   0x08005448   0x00000024   Code   RO         3861    i.wait_ms           mbed/TARGET_NUCLEO_F401RE/TOOLCHAIN_ARM_STD/mbed.ar(mbed_wait_api_no_rtos.o)
    0x0800546c   0x0800546c   0x0000002c   Code   RO         4515    locale$$code        C:\Keil_v5\ARM\ARMCC\Bin\..\lib\armlib\c_w.l(lc_numeric_c.o)
    0x08005498   0x08005498   0x0000002c   Code   RO         4562    locale$$code        C:\Keil_v5\ARM\ARMCC\Bin\..\lib\armlib\c_w.l(lc_ctype_c.o)
    0x080054c4   0x080054c4   0x0000002c   Code   RO         3899    t._ZN12SingletonPtrI13PlatformMutexEptEv  mbed/TARGET_NUCLEO_F401RE/TOOLCHAIN_ARM_STD/mbed.ar(FileBase.o)
    0x080054f0   0x080054f0   0x0000000a   Code   RO         4467    x$fpl$fpinit        C:\Keil_v5\ARM\ARMCC\Bin\..\lib\armlib\fz_wm.l(fpinit.o)
    0x080054fa   0x080054fa   0x00000004   Code   RO         4350    x$fpl$printf1       C:\Keil_v5\ARM\ARMCC\Bin\..\lib\armlib\fz_wm.l(printf1.o)
    0x080054fe   0x080054fe   0x00000004   Code   RO         4352    x$fpl$printf2       C:\Keil_v5\ARM\ARMCC\Bin\..\lib\armlib\fz_wm.l(printf2.o)
    0x08005502   0x08005502   0x00000000   Code   RO         4546    x$fpl$usenofp       C:\Keil_v5\ARM\ARMCC\Bin\..\lib\armlib\fz_wm.l(usenofp.o)
    0x08005502   0x08005502   0x00000002   PAD
    0x08005504   0x08005504   0x00000028   Data   RO          359    .constdata          mbed/TARGET_NUCLEO_F401RE/TOOLCHAIN_ARM_STD/mbed_retarget.o
    0x0800552c   0x0800552c   0x0000018c   Data   RO          457    .constdata          mbed/TARGET_NUCLEO_F401RE/TOOLCHAIN_ARM_STD/PeripheralPins.o
    0x080056b8   0x080056b8   0x00000048   Data   RO          458    .constdata          mbed/TARGET_NUCLEO_F401RE/TOOLCHAIN_ARM_STD/PeripheralPins.o
    0x08005700   0x08005700   0x00000048   Data   RO          459    .constdata          mbed/TARGET_NUCLEO_F401RE/TOOLCHAIN_ARM_STD/PeripheralPins.o
    0x08005748   0x08005748   0x00000040   Data   RO          474    .constdata          mbed/TARGET_NUCLEO_F401RE/TOOLCHAIN_ARM_STD/pinmap.o
    0x08005788   0x08005788   0x00000048   Data   RO          530    .constdata          mbed/TARGET_NUCLEO_F401RE/TOOLCHAIN_ARM_STD/pwmout_device.o
    0x080057d0   0x080057d0   0x00000010   Data   RO         2940    .constdata          mbed/TARGET_NUCLEO_F401RE/TOOLCHAIN_ARM_STD/system_stm32f4xx.o
    0x080057e0   0x080057e0   0x00000008   Data   RO         2941    .constdata          mbed/TARGET_NUCLEO_F401RE/TOOLCHAIN_ARM_STD/system_stm32f4xx.o
    0x080057e8   0x080057e8   0x0000001c   Data   RO         3717    .constdata          mbed/TARGET_NUCLEO_F401RE/TOOLCHAIN_ARM_STD/mbed.ar(mbed_us_ticker_api.o)
    0x08005804   0x08005804   0x00000008   Data   RO         3718    .constdata          mbed/TARGET_NUCLEO_F401RE/TOOLCHAIN_ARM_STD/mbed.ar(mbed_us_ticker_api.o)
    0x0800580c   0x0800580c   0x00000008   Data   RO         4191    .constdata          C:\Keil_v5\ARM\ARMCC\Bin\..\lib\armlib\c_w.l(_printf_wctomb.o)
    0x08005814   0x08005814   0x00000028   Data   RO         4220    .constdata          C:\Keil_v5\ARM\ARMCC\Bin\..\lib\armlib\c_w.l(_printf_hex_int_ll_ptr.o)
    0x0800583c   0x0800583c   0x00000011   Data   RO         4240    .constdata          C:\Keil_v5\ARM\ARMCC\Bin\..\lib\armlib\c_w.l(__printf_flags_ss_wp.o)
    0x0800584d   0x0800584d   0x00000026   Data   RO         4390    .constdata          C:\Keil_v5\ARM\ARMCC\Bin\..\lib\armlib\c_w.l(_printf_fp_hex.o)
    0x08005873   0x08005873   0x00000001   PAD
    0x08005874   0x08005874   0x00000094   Data   RO         4488    .constdata          C:\Keil_v5\ARM\ARMCC\Bin\..\lib\armlib\c_w.l(bigflt0.o)
    0x08005908   0x08005908   0x00000014   Data   RO          430    .constdata__ZZN12SingletonPtrI13PlatformMutexE3getEvEs  mbed/TARGET_NUCLEO_F401RE/TOOLCHAIN_ARM_STD/mbed_retarget.o
    0x0800591c   0x0800591c   0x0000005d   Data   RO          431    .constdata__ZZN12SingletonPtrI13PlatformMutexE3getEvEs_0  mbed/TARGET_NUCLEO_F401RE/TOOLCHAIN_ARM_STD/mbed_retarget.o
    0x08005979   0x08005979   0x00000003   PAD
    0x0800597c   0x0800597c   0x00000056   Data   RO          475    .conststring        mbed/TARGET_NUCLEO_F401RE/TOOLCHAIN_ARM_STD/pinmap.o
    0x080059d2   0x080059d2   0x00000002   PAD
    0x080059d4   0x080059d4   0x0000005a   Data   RO          513    .conststring        mbed/TARGET_NUCLEO_F401RE/TOOLCHAIN_ARM_STD/pwmout_api.o
    0x08005a2e   0x08005a2e   0x00000002   PAD
    0x08005a30   0x08005a30   0x0000005a   Data   RO          578    .conststring        mbed/TARGET_NUCLEO_F401RE/TOOLCHAIN_ARM_STD/serial_api.o
    0x08005a8a   0x08005a8a   0x00000002   PAD
    0x08005a8c   0x08005a8c   0x00000050   Data   RO         3756    .conststring        mbed/TARGET_NUCLEO_F401RE/TOOLCHAIN_ARM_STD/mbed.ar(mbed_ticker_api.o)
    0x08005adc   0x08005adc   0x00000050   Data   RO         3789    .conststring        mbed/TARGET_NUCLEO_F401RE/TOOLCHAIN_ARM_STD/mbed.ar(FilePath.o)
    0x08005b2c   0x08005b2c   0x00000053   Data   RO         3836    .conststring        mbed/TARGET_NUCLEO_F401RE/TOOLCHAIN_ARM_STD/mbed.ar(mbed_critical.o)
    0x08005b7f   0x08005b7f   0x00000001   PAD
    0x08005b80   0x08005b80   0x00000020   Data   RO         4599    Region$$Table       anon$$obj.o
    0x08005ba0   0x08005ba0   0x0000001c   Data   RO         4514    locale$$data        C:\Keil_v5\ARM\ARMCC\Bin\..\lib\armlib\c_w.l(lc_numeric_c.o)
    0x08005bbc   0x08005bbc   0x00000110   Data   RO         4561    locale$$data        C:\Keil_v5\ARM\ARMCC\Bin\..\lib\armlib\c_w.l(lc_ctype_c.o)
    0x08005ccc   0x08005ccc   0x00000004   Data   RO         2986    .init_array         .\build\main.o
    0x08005cd0   0x08005ccc   0x00000000   Data   RO         4024    .init_array         C:\Keil_v5\ARM\ARMCC\Bin\..\lib\armlib\c_w.l(init_aeabi.o)


    Execution Region RW_IRAM1 (Exec base: 0x20000194, Load base: 0x08005cd0, Size: 0x0000050c, Max: 0x00017e6c, ABSOLUTE)

    Exec Addr    Load Addr    Size         Type   Attr      Idx    E Section Name        Object

    0x20000194   0x08005cd0   0x00000004   Data   RW          143    .data               mbed/TARGET_NUCLEO_F401RE/TOOLCHAIN_ARM_STD/hal_tick_32b.o
    0x20000198   0x08005cd4   0x00000010   Data   RW          363    .data               mbed/TARGET_NUCLEO_F401RE/TOOLCHAIN_ARM_STD/mbed_retarget.o
    0x200001a8   0x08005ce4   0x00000004   Data   RW          579    .data               mbed/TARGET_NUCLEO_F401RE/TOOLCHAIN_ARM_STD/serial_api.o
    0x200001ac   0x08005ce8   0x0000000c   Data   RW          692    .data               mbed/TARGET_NUCLEO_F401RE/TOOLCHAIN_ARM_STD/stm32f4xx_hal.o
    0x200001b8   0x08005cf4   0x00000004   Data   RW         2942    .data               mbed/TARGET_NUCLEO_F401RE/TOOLCHAIN_ARM_STD/system_stm32f4xx.o
    0x200001bc   0x08005cf8   0x00000004   Data   RW         3719    .data               mbed/TARGET_NUCLEO_F401RE/TOOLCHAIN_ARM_STD/mbed.ar(mbed_us_ticker_api.o)
    0x200001c0   0x08005cfc   0x00000002   Data   RW         3733    .data               mbed/TARGET_NUCLEO_F401RE/TOOLCHAIN_ARM_STD/mbed.ar(mbed_sleep_manager.o)
    0x200001c2   0x08005cfe   0x00000001   Data   RW         3812    .data               mbed/TARGET_NUCLEO_F401RE/TOOLCHAIN_ARM_STD/mbed.ar(mbed_error.o)
    0x200001c3   0x08005cff   0x00000001   PAD
    0x200001c4   0x08005d00   0x00000008   Data   RW         3837    .data               mbed/TARGET_NUCLEO_F401RE/TOOLCHAIN_ARM_STD/mbed.ar(mbed_critical.o)
    0x200001cc   0x08005d08   0x0000000c   Data   RW         3886    .data               mbed/TARGET_NUCLEO_F401RE/TOOLCHAIN_ARM_STD/mbed.ar(FileBase.o)
    0x200001d8   0x08005d14   0x00000004   Data   RW         3998    .data               C:\Keil_v5\ARM\ARMCC\Bin\..\lib\armlib\c_w.l(stdio_streams.o)
    0x200001dc   0x08005d18   0x00000004   Data   RW         3999    .data               C:\Keil_v5\ARM\ARMCC\Bin\..\lib\armlib\c_w.l(stdio_streams.o)
    0x200001e0   0x08005d1c   0x00000004   Data   RW         4000    .data               C:\Keil_v5\ARM\ARMCC\Bin\..\lib\armlib\c_w.l(stdio_streams.o)
    0x200001e4   0x08005d20   0x00000004   Data   RW         4432    .data               C:\Keil_v5\ARM\ARMCC\Bin\..\lib\armlib\c_w.l(heapauxa.o)
    0x200001e8        -       0x00000144   Zero   RW          358    .bss                mbed/TARGET_NUCLEO_F401RE/TOOLCHAIN_ARM_STD/mbed_retarget.o
    0x2000032c        -       0x0000003c   Zero   RW          512    .bss                mbed/TARGET_NUCLEO_F401RE/TOOLCHAIN_ARM_STD/pwmout_api.o
    0x20000368        -       0x0000004c   Zero   RW          577    .bss                mbed/TARGET_NUCLEO_F401RE/TOOLCHAIN_ARM_STD/serial_api.o
    0x200003b4        -       0x000000cc   Zero   RW          617    .bss                mbed/TARGET_NUCLEO_F401RE/TOOLCHAIN_ARM_STD/serial_device.o
    0x20000480        -       0x0000003c   Zero   RW         2962    .bss                mbed/TARGET_NUCLEO_F401RE/TOOLCHAIN_ARM_STD/us_ticker_32b.o
    0x200004bc        -       0x0000008c   Zero   RW         2985    .bss                .\build\main.o
    0x20000548        -       0x00000040   Zero   RW         3716    .bss                mbed/TARGET_NUCLEO_F401RE/TOOLCHAIN_ARM_STD/mbed.ar(mbed_us_ticker_api.o)
    0x20000588        -       0x00000004   Zero   RW         3909    .bss                C:\Keil_v5\ARM\ARMCC\Bin\..\lib\armlib\c_w.l(rt_errno_addr.o)
    0x2000058c        -       0x00000054   Zero   RW         3995    .bss                C:\Keil_v5\ARM\ARMCC\Bin\..\lib\armlib\c_w.l(stdio_streams.o)
    0x200005e0        -       0x00000054   Zero   RW         3996    .bss                C:\Keil_v5\ARM\ARMCC\Bin\..\lib\armlib\c_w.l(stdio_streams.o)
    0x20000634        -       0x00000054   Zero   RW         3997    .bss                C:\Keil_v5\ARM\ARMCC\Bin\..\lib\armlib\c_w.l(stdio_streams.o)
    0x20000688        -       0x00000004   Zero   RW         4146    .bss                C:\Keil_v5\ARM\ARMCC\Bin\..\lib\armlib\c_w.l(rt_heap_descriptor.o)
    0x2000068c        -       0x00000014   Zero   RW         4474    .bss                C:\Keil_v5\ARM\ARMCC\Bin\..\lib\armlib\c_w.l(rt_locale.o)


==============================================================================

Image component sizes


      Code (inc. data)   RO Data    RW Data    ZI Data      Debug   Object Name

         0          0        540          0          0          0   mbed/TARGET_NUCLEO_F401RE/TOOLCHAIN_ARM_STD/PeripheralPins.o
       394         78          0          0          0        504   mbed/TARGET_NUCLEO_F401RE/TOOLCHAIN_ARM_STD/gpio_api.o
       304         48          0          4          0        260   mbed/TARGET_NUCLEO_F401RE/TOOLCHAIN_ARM_STD/hal_tick_32b.o
       384         50          4          0        140     362109   .\build\main.o
       252         18          0          0          0        404   mbed/TARGET_NUCLEO_F401RE/TOOLCHAIN_ARM_STD/mbed_board.o
        22          0          0          0          0        128   mbed/TARGET_NUCLEO_F401RE/TOOLCHAIN_ARM_STD/mbed_overrides.o
      1000         92        153         16        324       1416   mbed/TARGET_NUCLEO_F401RE/TOOLCHAIN_ARM_STD/mbed_retarget.o
        48          6          0          0          0        368   mbed/TARGET_NUCLEO_F401RE/TOOLCHAIN_ARM_STD/mbed_sdk_boot.o
       724         62        150          0          0        268   mbed/TARGET_NUCLEO_F401RE/TOOLCHAIN_ARM_STD/pinmap.o
      1028        170         90          0         60        564   mbed/TARGET_NUCLEO_F401RE/TOOLCHAIN_ARM_STD/pwmout_api.o
         0          0         72          0          0          0   mbed/TARGET_NUCLEO_F401RE/TOOLCHAIN_ARM_STD/pwmout_device.o
       732        214         90          4         76        644   mbed/TARGET_NUCLEO_F401RE/TOOLCHAIN_ARM_STD/serial_api.o
        40          6          0          0        204        128   mbed/TARGET_NUCLEO_F401RE/TOOLCHAIN_ARM_STD/serial_device.o
        36          8        404          0          0        276   mbed/TARGET_NUCLEO_F401RE/TOOLCHAIN_ARM_STD/startup_stm32f401xe.o
        82         14          0         12          0        472   mbed/TARGET_NUCLEO_F401RE/TOOLCHAIN_ARM_STD/stm32f4xx_hal.o
        36          6          0          0          0        116   mbed/TARGET_NUCLEO_F401RE/TOOLCHAIN_ARM_STD/stm32f4xx_hal_cortex.o
      1516        114          0          0          0        748   mbed/TARGET_NUCLEO_F401RE/TOOLCHAIN_ARM_STD/stm32f4xx_hal_rcc.o
       900         22          0          0          0        980   mbed/TARGET_NUCLEO_F401RE/TOOLCHAIN_ARM_STD/stm32f4xx_hal_tim.o
        44          0          0          0          0        116   mbed/TARGET_NUCLEO_F401RE/TOOLCHAIN_ARM_STD/stm32f4xx_hal_tim_ex.o
       936         14          0          0          0        376   mbed/TARGET_NUCLEO_F401RE/TOOLCHAIN_ARM_STD/stm32f4xx_hal_uart.o
       328         34          0          0          0        268   mbed/TARGET_NUCLEO_F401RE/TOOLCHAIN_ARM_STD/system_clock.o
       132         20         24          4          0        132   mbed/TARGET_NUCLEO_F401RE/TOOLCHAIN_ARM_STD/system_stm32f4xx.o
       102         26          0          0         60        696   mbed/TARGET_NUCLEO_F401RE/TOOLCHAIN_ARM_STD/us_ticker_32b.o

    ----------------------------------------------------------------------
      9050       1002       1568         40        864     370973   Object Totals
         0          0         32          0          0          0   (incl. Generated)
        10          0          9          0          0          0   (incl. Padding)

    ----------------------------------------------------------------------

      Code (inc. data)   RO Data    RW Data    ZI Data      Debug   Library Member Name

         8          0          0          0          0         68   C:\Keil_v5\ARM\ARMCC\Bin\..\lib\armlib\c_w.l(__main.o)
       392          4         17          0          0         92   C:\Keil_v5\ARM\ARMCC\Bin\..\lib\armlib\c_w.l(__printf_flags_ss_wp.o)
        14          0          0          0          0         68   C:\Keil_v5\ARM\ARMCC\Bin\..\lib\armlib\c_w.l(__printf_wp.o)
         0          0          0          0          0          0   C:\Keil_v5\ARM\ARMCC\Bin\..\lib\armlib\c_w.l(__rtentry.o)
        20          0          0          0          0          0   C:\Keil_v5\ARM\ARMCC\Bin\..\lib\armlib\c_w.l(__rtentry2.o)
         6          0          0          0          0          0   C:\Keil_v5\ARM\ARMCC\Bin\..\lib\armlib\c_w.l(__rtentry4.o)
        52          8          0          0          0          0   C:\Keil_v5\ARM\ARMCC\Bin\..\lib\armlib\c_w.l(__scatter.o)
        26          0          0          0          0          0   C:\Keil_v5\ARM\ARMCC\Bin\..\lib\armlib\c_w.l(__scatter_copy.o)
        28          0          0          0          0          0   C:\Keil_v5\ARM\ARMCC\Bin\..\lib\armlib\c_w.l(__scatter_zi.o)
         6          0          0          0          0          0   C:\Keil_v5\ARM\ARMCC\Bin\..\lib\armlib\c_w.l(_printf_a.o)
         6          0          0          0          0          0   C:\Keil_v5\ARM\ARMCC\Bin\..\lib\armlib\c_w.l(_printf_c.o)
        44          0          0          0          0        108   C:\Keil_v5\ARM\ARMCC\Bin\..\lib\armlib\c_w.l(_printf_char.o)
        48          6          0          0          0         96   C:\Keil_v5\ARM\ARMCC\Bin\..\lib\armlib\c_w.l(_printf_char_common.o)
        36          4          0          0          0         80   C:\Keil_v5\ARM\ARMCC\Bin\..\lib\armlib\c_w.l(_printf_char_file.o)
        40          0          0          0          0         68   C:\Keil_v5\ARM\ARMCC\Bin\..\lib\armlib\c_w.l(_printf_charcount.o)
         6          0          0          0          0          0   C:\Keil_v5\ARM\ARMCC\Bin\..\lib\armlib\c_w.l(_printf_d.o)
       120         16          0          0          0         92   C:\Keil_v5\ARM\ARMCC\Bin\..\lib\armlib\c_w.l(_printf_dec.o)
         6          0          0          0          0          0   C:\Keil_v5\ARM\ARMCC\Bin\..\lib\armlib\c_w.l(_printf_e.o)
         6          0          0          0          0          0   C:\Keil_v5\ARM\ARMCC\Bin\..\lib\armlib\c_w.l(_printf_f.o)
      1054          0          0          0          0        216   C:\Keil_v5\ARM\ARMCC\Bin\..\lib\armlib\c_w.l(_printf_fp_dec.o)
       764          8         38          0          0        100   C:\Keil_v5\ARM\ARMCC\Bin\..\lib\armlib\c_w.l(_printf_fp_hex.o)
       128         16          0          0          0         84   C:\Keil_v5\ARM\ARMCC\Bin\..\lib\armlib\c_w.l(_printf_fp_infnan.o)
         6          0          0          0          0          0   C:\Keil_v5\ARM\ARMCC\Bin\..\lib\armlib\c_w.l(_printf_g.o)
       148          4         40          0          0        160   C:\Keil_v5\ARM\ARMCC\Bin\..\lib\armlib\c_w.l(_printf_hex_int_ll_ptr.o)
         6          0          0          0          0          0   C:\Keil_v5\ARM\ARMCC\Bin\..\lib\armlib\c_w.l(_printf_i.o)
       178          0          0          0          0         88   C:\Keil_v5\ARM\ARMCC\Bin\..\lib\armlib\c_w.l(_printf_intcommon.o)
        10          0          0          0          0          0   C:\Keil_v5\ARM\ARMCC\Bin\..\lib\armlib\c_w.l(_printf_l.o)
         6          0          0          0          0          0   C:\Keil_v5\ARM\ARMCC\Bin\..\lib\armlib\c_w.l(_printf_lc.o)
        10          0          0          0          0          0   C:\Keil_v5\ARM\ARMCC\Bin\..\lib\armlib\c_w.l(_printf_ll.o)
         6          0          0          0          0          0   C:\Keil_v5\ARM\ARMCC\Bin\..\lib\armlib\c_w.l(_printf_lld.o)
         6          0          0          0          0          0   C:\Keil_v5\ARM\ARMCC\Bin\..\lib\armlib\c_w.l(_printf_lli.o)
         6          0          0          0          0          0   C:\Keil_v5\ARM\ARMCC\Bin\..\lib\armlib\c_w.l(_printf_llo.o)
         6          0          0          0          0          0   C:\Keil_v5\ARM\ARMCC\Bin\..\lib\armlib\c_w.l(_printf_llu.o)
         6          0          0          0          0          0   C:\Keil_v5\ARM\ARMCC\Bin\..\lib\armlib\c_w.l(_printf_llx.o)
       124         16          0          0          0         92   C:\Keil_v5\ARM\ARMCC\Bin\..\lib\armlib\c_w.l(_printf_longlong_dec.o)
         6          0          0          0          0          0   C:\Keil_v5\ARM\ARMCC\Bin\..\lib\armlib\c_w.l(_printf_ls.o)
         6          0          0          0          0          0   C:\Keil_v5\ARM\ARMCC\Bin\..\lib\armlib\c_w.l(_printf_n.o)
         6          0          0          0          0          0   C:\Keil_v5\ARM\ARMCC\Bin\..\lib\armlib\c_w.l(_printf_o.o)
       112         10          0          0          0        124   C:\Keil_v5\ARM\ARMCC\Bin\..\lib\armlib\c_w.l(_printf_oct_int_ll.o)
         6          0          0          0          0          0   C:\Keil_v5\ARM\ARMCC\Bin\..\lib\armlib\c_w.l(_printf_p.o)
        78          0          0          0          0        108   C:\Keil_v5\ARM\ARMCC\Bin\..\lib\armlib\c_w.l(_printf_pad.o)
         0          0          0          0          0          0   C:\Keil_v5\ARM\ARMCC\Bin\..\lib\armlib\c_w.l(_printf_percent.o)
         4          0          0          0          0          0   C:\Keil_v5\ARM\ARMCC\Bin\..\lib\armlib\c_w.l(_printf_percent_end.o)
         6          0          0          0          0          0   C:\Keil_v5\ARM\ARMCC\Bin\..\lib\armlib\c_w.l(_printf_s.o)
        82          0          0          0          0         80   C:\Keil_v5\ARM\ARMCC\Bin\..\lib\armlib\c_w.l(_printf_str.o)
        36          0          0          0          0         84   C:\Keil_v5\ARM\ARMCC\Bin\..\lib\armlib\c_w.l(_printf_truncate.o)
         6          0          0          0          0          0   C:\Keil_v5\ARM\ARMCC\Bin\..\lib\armlib\c_w.l(_printf_u.o)
        44          0          0          0          0        108   C:\Keil_v5\ARM\ARMCC\Bin\..\lib\armlib\c_w.l(_printf_wchar.o)
       188          6          8          0          0         92   C:\Keil_v5\ARM\ARMCC\Bin\..\lib\armlib\c_w.l(_printf_wctomb.o)
         6          0          0          0          0          0   C:\Keil_v5\ARM\ARMCC\Bin\..\lib\armlib\c_w.l(_printf_x.o)
        16          0          0          0          0         68   C:\Keil_v5\ARM\ARMCC\Bin\..\lib\armlib\c_w.l(_snputc.o)
        10          0          0          0          0         68   C:\Keil_v5\ARM\ARMCC\Bin\..\lib\armlib\c_w.l(_sputc.o)
        64          0          0          0          0         92   C:\Keil_v5\ARM\ARMCC\Bin\..\lib\armlib\c_w.l(_wcrtomb.o)
       228          4        148          0          0         96   C:\Keil_v5\ARM\ARMCC\Bin\..\lib\armlib\c_w.l(bigflt0.o)
      1936        128          0          0          0        672   C:\Keil_v5\ARM\ARMCC\Bin\..\lib\armlib\c_w.l(btod.o)
        10          0          0          0          0         68   C:\Keil_v5\ARM\ARMCC\Bin\..\lib\armlib\c_w.l(defsig_exit.o)
        50          0          0          0          0         88   C:\Keil_v5\ARM\ARMCC\Bin\..\lib\armlib\c_w.l(defsig_general.o)
        80         58          0          0          0         76   C:\Keil_v5\ARM\ARMCC\Bin\..\lib\armlib\c_w.l(defsig_rtmem_inner.o)
        14          0          0          0          0         80   C:\Keil_v5\ARM\ARMCC\Bin\..\lib\armlib\c_w.l(defsig_rtmem_outer.o)
        52         38          0          0          0         76   C:\Keil_v5\ARM\ARMCC\Bin\..\lib\armlib\c_w.l(defsig_rtred_inner.o)
        14          0          0          0          0         80   C:\Keil_v5\ARM\ARMCC\Bin\..\lib\armlib\c_w.l(defsig_rtred_outer.o)
        76          0          0          0          0         88   C:\Keil_v5\ARM\ARMCC\Bin\..\lib\armlib\c_w.l(fclose.o)
         8          0          0          0          0         68   C:\Keil_v5\ARM\ARMCC\Bin\..\lib\armlib\c_w.l(ferror.o)
       100          4          0          0          0        120   C:\Keil_v5\ARM\ARMCC\Bin\..\lib\armlib\c_w.l(fflush.o)
       470          0          0          0          0         88   C:\Keil_v5\ARM\ARMCC\Bin\..\lib\armlib\c_w.l(flsbuf.o)
       236          4          0          0          0        128   C:\Keil_v5\ARM\ARMCC\Bin\..\lib\armlib\c_w.l(fopen.o)
        26          0          0          0          0         68   C:\Keil_v5\ARM\ARMCC\Bin\..\lib\armlib\c_w.l(fputc.o)
       248          6          0          0          0         84   C:\Keil_v5\ARM\ARMCC\Bin\..\lib\armlib\c_w.l(fseek.o)
        66          0          0          0          0         76   C:\Keil_v5\ARM\ARMCC\Bin\..\lib\armlib\c_w.l(ftell.o)
        94          0          0          0          0         80   C:\Keil_v5\ARM\ARMCC\Bin\..\lib\armlib\c_w.l(h1_alloc.o)
        52          0          0          0          0         68   C:\Keil_v5\ARM\ARMCC\Bin\..\lib\armlib\c_w.l(h1_extend.o)
        78          0          0          0          0         80   C:\Keil_v5\ARM\ARMCC\Bin\..\lib\armlib\c_w.l(h1_free.o)
        14          0          0          0          0         84   C:\Keil_v5\ARM\ARMCC\Bin\..\lib\armlib\c_w.l(h1_init.o)
        80          6          0          4          0         96   C:\Keil_v5\ARM\ARMCC\Bin\..\lib\armlib\c_w.l(heapauxa.o)
         4          0          0          0          0        136   C:\Keil_v5\ARM\ARMCC\Bin\..\lib\armlib\c_w.l(hguard.o)
         0          0          0          0          0          0   C:\Keil_v5\ARM\ARMCC\Bin\..\lib\armlib\c_w.l(indicate_semi.o)
        36         10          0          0          0         80   C:\Keil_v5\ARM\ARMCC\Bin\..\lib\armlib\c_w.l(init_aeabi.o)
       138          0          0          0          0        168   C:\Keil_v5\ARM\ARMCC\Bin\..\lib\armlib\c_w.l(init_alloc.o)
       312         46          0          0          0        112   C:\Keil_v5\ARM\ARMCC\Bin\..\lib\armlib\c_w.l(initio.o)
        44         10        272          0          0         76   C:\Keil_v5\ARM\ARMCC\Bin\..\lib\armlib\c_w.l(lc_ctype_c.o)
        44         10         28          0          0         76   C:\Keil_v5\ARM\ARMCC\Bin\..\lib\armlib\c_w.l(lc_numeric_c.o)
         2          0          0          0          0          0   C:\Keil_v5\ARM\ARMCC\Bin\..\lib\armlib\c_w.l(libinit.o)
        50          0          0          0          0          0   C:\Keil_v5\ARM\ARMCC\Bin\..\lib\armlib\c_w.l(libinit2.o)
         0          0          0          0          0          0   C:\Keil_v5\ARM\ARMCC\Bin\..\lib\armlib\c_w.l(libshutdown2.o)
        38          0          0          0          0         68   C:\Keil_v5\ARM\ARMCC\Bin\..\lib\armlib\c_w.l(llshl.o)
       138          0          0          0          0         80   C:\Keil_v5\ARM\ARMCC\Bin\..\lib\armlib\c_w.l(lludiv10.o)
       238          0          0          0          0        100   C:\Keil_v5\ARM\ARMCC\Bin\..\lib\armlib\c_w.l(lludivv7m.o)
         0          0          0          0          0          0   C:\Keil_v5\ARM\ARMCC\Bin\..\lib\armlib\c_w.l(maybetermalloc1.o)
        16          4          0          0          0         76   C:\Keil_v5\ARM\ARMCC\Bin\..\lib\armlib\c_w.l(rt_ctype_table.o)
         8          4          0          0          4         68   C:\Keil_v5\ARM\ARMCC\Bin\..\lib\armlib\c_w.l(rt_errno_addr.o)
         8          4          0          0          4         68   C:\Keil_v5\ARM\ARMCC\Bin\..\lib\armlib\c_w.l(rt_heap_descriptor.o)
         8          4          0          0         20         68   C:\Keil_v5\ARM\ARMCC\Bin\..\lib\armlib\c_w.l(rt_locale.o)
        78          0          0          0          0         80   C:\Keil_v5\ARM\ARMCC\Bin\..\lib\armlib\c_w.l(rt_memclr_w.o)
       100          0          0          0          0         80   C:\Keil_v5\ARM\ARMCC\Bin\..\lib\armlib\c_w.l(rt_memcpy_w.o)
        70          0          0          0          0         80   C:\Keil_v5\ARM\ARMCC\Bin\..\lib\armlib\c_w.l(setvbuf.o)
       240          6          0          0          0        156   C:\Keil_v5\ARM\ARMCC\Bin\..\lib\armlib\c_w.l(stdio.o)
         0          0          0         12        252          0   C:\Keil_v5\ARM\ARMCC\Bin\..\lib\armlib\c_w.l(stdio_streams.o)
       128          0          0          0          0         68   C:\Keil_v5\ARM\ARMCC\Bin\..\lib\armlib\c_w.l(strcmpv7m.o)
        62          0          0          0          0         76   C:\Keil_v5\ARM\ARMCC\Bin\..\lib\armlib\c_w.l(strlen.o)
       150          0          0          0          0         80   C:\Keil_v5\ARM\ARMCC\Bin\..\lib\armlib\c_w.l(strncmp.o)
        28          0          0          0          0         80   C:\Keil_v5\ARM\ARMCC\Bin\..\lib\armlib\c_w.l(strspn.o)
        12          4          0          0          0         68   C:\Keil_v5\ARM\ARMCC\Bin\..\lib\armlib\c_w.l(sys_exit.o)
        14          0          0          0          0         76   C:\Keil_v5\ARM\ARMCC\Bin\..\lib\armlib\c_w.l(sys_wrch.o)
         2          0          0          0          0         68   C:\Keil_v5\ARM\ARMCC\Bin\..\lib\armlib\c_w.l(use_no_semi.o)
        10          0          0          0          0         68   C:\Keil_v5\ARM\ARMCC\Bin\..\lib\armlib\c_w.l(vfprintf.o)
        52          4          0          0          0         80   C:\Keil_v5\ARM\ARMCC\Bin\..\lib\armlib\c_w.l(vsnprintf.o)
        10          0          0          0          0        116   C:\Keil_v5\ARM\ARMCC\Bin\..\lib\armlib\fz_wm.l(fpinit.o)
         4          0          0          0          0        116   C:\Keil_v5\ARM\ARMCC\Bin\..\lib\armlib\fz_wm.l(printf1.o)
         4          0          0          0          0        116   C:\Keil_v5\ARM\ARMCC\Bin\..\lib\armlib\fz_wm.l(printf2.o)
         0          0          0          0          0          0   C:\Keil_v5\ARM\ARMCC\Bin\..\lib\armlib\fz_wm.l(usenofp.o)
        48          0          0          0          0        124   C:\Keil_v5\ARM\ARMCC\Bin\..\lib\armlib\m_wm.l(fpclassify.o)
       156         26          0         12          0        368   mbed/TARGET_NUCLEO_F401RE/TOOLCHAIN_ARM_STD/mbed.ar(FileBase.o)
       192         22         80          0          0        732   mbed/TARGET_NUCLEO_F401RE/TOOLCHAIN_ARM_STD/mbed.ar(FilePath.o)
        84         52          0          0          0        136   mbed/TARGET_NUCLEO_F401RE/TOOLCHAIN_ARM_STD/mbed.ar(mbed_assert.o)
       280         98         83          8          0        508   mbed/TARGET_NUCLEO_F401RE/TOOLCHAIN_ARM_STD/mbed.ar(mbed_critical.o)
        40          4          0          1          0        136   mbed/TARGET_NUCLEO_F401RE/TOOLCHAIN_ARM_STD/mbed.ar(mbed_error.o)
        48          0          0          0          0        136   mbed/TARGET_NUCLEO_F401RE/TOOLCHAIN_ARM_STD/mbed.ar(mbed_gpio.o)
       344        110          0          0          0        508   mbed/TARGET_NUCLEO_F401RE/TOOLCHAIN_ARM_STD/mbed.ar(mbed_pinmap_common.o)
       180         98          0          2          0        256   mbed/TARGET_NUCLEO_F401RE/TOOLCHAIN_ARM_STD/mbed.ar(mbed_sleep_manager.o)
       814         26         80          0          0        708   mbed/TARGET_NUCLEO_F401RE/TOOLCHAIN_ARM_STD/mbed.ar(mbed_ticker_api.o)
        32         14         36          4         64        232   mbed/TARGET_NUCLEO_F401RE/TOOLCHAIN_ARM_STD/mbed.ar(mbed_us_ticker_api.o)
        84          4          0          0          0        256   mbed/TARGET_NUCLEO_F401RE/TOOLCHAIN_ARM_STD/mbed.ar(mbed_wait_api_no_rtos.o)

    ----------------------------------------------------------------------
     12310        906        832         44        344      11284   Library Totals
        24          0          2          1          0          0   (incl. Padding)

    ----------------------------------------------------------------------

      Code (inc. data)   RO Data    RW Data    ZI Data      Debug   Library Name

      9966        452        551         16        280       6836   C:\Keil_v5\ARM\ARMCC\Bin\..\lib\armlib\c_w.l
        18          0          0          0          0        348   C:\Keil_v5\ARM\ARMCC\Bin\..\lib\armlib\fz_wm.l
        48          0          0          0          0        124   C:\Keil_v5\ARM\ARMCC\Bin\..\lib\armlib\m_wm.l
      2254        454        279         27         64       3976   mbed/TARGET_NUCLEO_F401RE/TOOLCHAIN_ARM_STD/mbed.ar

    ----------------------------------------------------------------------
     12310        906        832         44        344      11284   Library Totals

    ----------------------------------------------------------------------

==============================================================================


      Code (inc. data)   RO Data    RW Data    ZI Data      Debug   

     21360       1908       2400         84       1208     368109   Grand Totals
     21360       1908       2400         84       1208     368109   ELF Image Totals
     21360       1908       2400         84          0          0   ROM Totals

==============================================================================

    Total RO  Size (Code + RO Data)                23760 (  23.20kB)
    Total RW  Size (RW Data + ZI Data)              1292 (   1.26kB)
    Total ROM Size (Code + RO Data + RW Data)      23844 (  23.29kB)

==============================================================================

